lib/translations.ts(61,15): error TS1005: ',' expected.
lib/translations.ts(61,32): error TS1005: ',' expected.
lib/translations.ts(61,50): error TS1005: ':' expected.
lib/translations.ts(62,15): error TS1005: ',' expected.
lib/translations.ts(62,31): error TS1005: ',' expected.
lib/translations.ts(62,33): error TS1134: Variable declaration expected.
lib/translations.ts(63,29): error TS1005: ';' expected.
lib/translations.ts(64,28): error TS1005: ';' expected.
lib/translations.ts(65,29): error TS1005: ';' expected.
lib/translations.ts(66,28): error TS1005: ';' expected.
lib/translations.ts(67,34): error TS1005: ';' expected.
lib/translations.ts(68,33): error TS1005: ';' expected.
lib/translations.ts(69,29): error TS1005: ';' expected.
lib/translations.ts(70,28): error TS1005: ';' expected.
lib/translations.ts(71,31): error TS1005: ';' expected.
lib/translations.ts(72,30): error TS1005: ';' expected.
lib/translations.ts(73,27): error TS6188: Numeric separators are not allowed here.
lib/translations.ts(73,28): error TS1351: An identifier or keyword cannot immediately follow a numeric literal.
lib/translations.ts(74,27): error TS6188: Numeric separators are not allowed here.
lib/translations.ts(74,28): error TS1351: An identifier or keyword cannot immediately follow a numeric literal.
lib/translations.ts(75,29): error TS1005: ';' expected.
lib/translations.ts(76,28): error TS1005: ';' expected.
lib/translations.ts(77,21): error TS6188: Numeric separators are not allowed here.
lib/translations.ts(77,22): error TS1351: An identifier or keyword cannot immediately follow a numeric literal.
lib/translations.ts(78,21): error TS6188: Numeric separators are not allowed here.
lib/translations.ts(78,22): error TS1351: An identifier or keyword cannot immediately follow a numeric literal.
lib/translations.ts(79,26): error TS6188: Numeric separators are not allowed here.
lib/translations.ts(79,27): error TS1351: An identifier or keyword cannot immediately follow a numeric literal.
lib/translations.ts(80,26): error TS6188: Numeric separators are not allowed here.
lib/translations.ts(80,27): error TS1351: An identifier or keyword cannot immediately follow a numeric literal.
lib/translations.ts(81,28): error TS1005: ';' expected.
lib/translations.ts(82,27): error TS1005: ';' expected.
lib/translations.ts(83,37): error TS1005: ';' expected.
lib/translations.ts(84,36): error TS1005: ';' expected.
lib/translations.ts(85,38): error TS1005: ';' expected.
lib/translations.ts(86,37): error TS1005: ';' expected.
lib/translations.ts(87,28): error TS1005: ';' expected.
lib/translations.ts(88,27): error TS1005: ';' expected.
lib/translations.ts(89,33): error TS1005: ';' expected.
lib/translations.ts(90,32): error TS1005: ';' expected.
lib/translations.ts(91,31): error TS1005: ';' expected.
lib/translations.ts(92,30): error TS1005: ';' expected.
lib/translations.ts(93,21): error TS1351: An identifier or keyword cannot immediately follow a numeric literal.
lib/translations.ts(94,21): error TS1351: An identifier or keyword cannot immediately follow a numeric literal.
lib/translations.ts(95,27): error TS1005: ';' expected.
lib/translations.ts(96,26): error TS1005: ';' expected.
lib/translations.ts(97,26): error TS6188: Numeric separators are not allowed here.
lib/translations.ts(97,27): error TS1351: An identifier or keyword cannot immediately follow a numeric literal.
lib/translations.ts(98,26): error TS6188: Numeric separators are not allowed here.
lib/translations.ts(98,27): error TS1351: An identifier or keyword cannot immediately follow a numeric literal.
lib/translations.ts(99,25): error TS1005: ';' expected.
lib/translations.ts(100,24): error TS1005: ';' expected.
lib/translations.ts(101,32): error TS1005: ';' expected.
lib/translations.ts(102,31): error TS1005: ';' expected.
lib/translations.ts(103,27): error TS1005: ';' expected.
lib/translations.ts(104,26): error TS1005: ';' expected.
lib/translations.ts(105,23): error TS1005: ';' expected.
lib/translations.ts(106,22): error TS1005: ';' expected.
lib/translations.ts(107,34): error TS1005: ';' expected.
lib/translations.ts(108,33): error TS1005: ';' expected.
lib/translations.ts(109,29): error TS1005: ';' expected.
lib/translations.ts(110,28): error TS1005: ';' expected.
lib/translations.ts(111,30): error TS1005: ';' expected.
lib/translations.ts(112,29): error TS1005: ';' expected.
lib/translations.ts(113,32): error TS1005: ';' expected.
lib/translations.ts(114,31): error TS1005: ';' expected.
lib/translations.ts(115,27): error TS1005: ';' expected.
lib/translations.ts(116,26): error TS1005: ';' expected.
lib/translations.ts(117,29): error TS1005: ';' expected.
lib/translations.ts(118,28): error TS1005: ';' expected.
lib/translations.ts(119,22): error TS1005: ';' expected.
lib/translations.ts(120,21): error TS1005: ';' expected.
lib/translations.ts(121,28): error TS1005: ';' expected.
lib/translations.ts(122,27): error TS1005: ';' expected.
lib/translations.ts(123,28): error TS1005: ';' expected.
lib/translations.ts(124,27): error TS1005: ';' expected.
lib/translations.ts(125,31): error TS1005: ';' expected.
lib/translations.ts(126,30): error TS1005: ';' expected.
lib/translations.ts(127,22): error TS1351: An identifier or keyword cannot immediately follow a numeric literal.
lib/translations.ts(128,22): error TS1351: An identifier or keyword cannot immediately follow a numeric literal.
lib/translations.ts(129,24): error TS1005: ';' expected.
lib/translations.ts(130,23): error TS1005: ';' expected.
lib/translations.ts(131,30): error TS1005: ';' expected.
lib/translations.ts(132,29): error TS1005: ';' expected.
lib/translations.ts(133,32): error TS1005: ';' expected.
lib/translations.ts(134,31): error TS1005: ';' expected.
lib/translations.ts(135,26): error TS1005: ';' expected.
lib/translations.ts(136,25): error TS1005: ';' expected.
lib/translations.ts(137,29): error TS1005: ';' expected.
lib/translations.ts(138,28): error TS1005: ';' expected.
lib/translations.ts(139,29): error TS1005: ';' expected.
lib/translations.ts(140,28): error TS1005: ';' expected.
lib/translations.ts(141,29): error TS1005: ';' expected.
lib/translations.ts(142,28): error TS1005: ';' expected.
lib/translations.ts(143,31): error TS1005: ';' expected.
lib/translations.ts(144,30): error TS1005: ';' expected.
lib/translations.ts(145,24): error TS1005: ';' expected.
lib/translations.ts(146,23): error TS1005: ';' expected.
lib/translations.ts(147,31): error TS1005: ';' expected.
lib/translations.ts(148,30): error TS1005: ';' expected.
lib/translations.ts(149,30): error TS1005: ';' expected.
lib/translations.ts(150,29): error TS1005: ';' expected.
lib/translations.ts(151,29): error TS1005: ';' expected.
lib/translations.ts(152,28): error TS1005: ';' expected.
lib/translations.ts(153,25): error TS1005: ';' expected.
lib/translations.ts(154,24): error TS1005: ';' expected.
lib/translations.ts(155,17): error TS1109: Expression expected.
lib/translations.ts(155,20): error TS1005: '(' expected.
lib/translations.ts(155,33): error TS1005: ';' expected.
lib/translations.ts(156,17): error TS1109: Expression expected.
lib/translations.ts(156,20): error TS1005: '(' expected.
lib/translations.ts(156,32): error TS1005: ';' expected.
lib/translations.ts(157,28): error TS1005: ';' expected.
lib/translations.ts(158,27): error TS1005: ';' expected.
lib/translations.ts(159,20): error TS1005: ';' expected.
lib/translations.ts(160,19): error TS1005: ';' expected.
lib/translations.ts(161,27): error TS1005: ';' expected.
lib/translations.ts(162,26): error TS1005: ';' expected.
lib/translations.ts(163,28): error TS1005: ';' expected.
lib/translations.ts(164,27): error TS1005: ';' expected.
lib/translations.ts(165,32): error TS1005: ';' expected.
lib/translations.ts(166,31): error TS1005: ';' expected.
lib/translations.ts(167,21): error TS1005: ';' expected.
lib/translations.ts(168,20): error TS1005: ';' expected.
lib/translations.ts(169,30): error TS1005: ';' expected.
lib/translations.ts(170,29): error TS1005: ';' expected.
lib/translations.ts(171,29): error TS1005: ';' expected.
lib/translations.ts(172,28): error TS1005: ';' expected.
lib/translations.ts(173,25): error TS1005: ';' expected.
lib/translations.ts(174,24): error TS1005: ';' expected.
lib/translations.ts(175,31): error TS1005: ';' expected.
lib/translations.ts(176,30): error TS1005: ';' expected.
lib/translations.ts(177,31): error TS1005: ';' expected.
lib/translations.ts(178,30): error TS1005: ';' expected.
lib/translations.ts(179,30): error TS1005: ';' expected.
lib/translations.ts(180,29): error TS1005: ';' expected.
lib/translations.ts(181,22): error TS1005: ';' expected.
lib/translations.ts(182,21): error TS1005: ';' expected.
lib/translations.ts(183,30): error TS1005: ';' expected.
lib/translations.ts(184,29): error TS1005: ';' expected.
lib/translations.ts(185,4): error TS1128: Declaration or statement expected.
lib/translations.ts(185,5): error TS1128: Declaration or statement expected.
lib/translations.ts(187,29): error TS1005: ';' expected.
lib/translations.ts(187,48): error TS1109: Expression expected.
lib/translations.ts(187,67): error TS1005: ';' expected.
lib/translations.ts(188,18): error TS1005: ';' expected.
lib/translations.ts(188,46): error TS1005: ';' expected.
lib/translations.ts(188,76): error TS1005: ';' expected.
lib/translations.ts(189,14): error TS1005: ';' expected.
lib/translations.ts(189,38): error TS1005: ';' expected.
lib/translations.ts(189,62): error TS1005: ';' expected.
lib/translations.ts(190,12): error TS1005: ';' expected.
lib/translations.ts(190,34): error TS1005: ';' expected.
lib/translations.ts(190,60): error TS1005: ';' expected.
lib/translations.ts(191,13): error TS1005: ';' expected.
lib/translations.ts(191,37): error TS1005: ';' expected.
lib/translations.ts(191,80): error TS1005: ';' expected.
lib/translations.ts(192,17): error TS1005: ';' expected.
lib/translations.ts(192,40): error TS1005: ';' expected.
lib/translations.ts(192,59): error TS1005: ';' expected.
lib/translations.ts(192,82): error TS1005: ';' expected.
lib/translations.ts(193,10): error TS1005: ';' expected.
lib/translations.ts(193,35): error TS1005: ';' expected.
lib/translations.ts(193,69): error TS1005: ';' expected.
lib/translations.ts(193,110): error TS1005: ';' expected.
lib/translations.ts(194,11): error TS1005: ';' expected.
lib/translations.ts(194,32): error TS1005: ';' expected.
lib/translations.ts(194,52): error TS1005: ';' expected.
lib/translations.ts(194,69): error TS1005: ';' expected.
lib/translations.ts(194,83): error TS1005: ';' expected.
lib/translations.ts(195,12): error TS1005: ';' expected.
lib/translations.ts(195,32): error TS1005: ';' expected.
lib/translations.ts(195,48): error TS1005: ';' expected.
lib/translations.ts(195,63): error TS1005: ';' expected.
lib/translations.ts(195,83): error TS1005: ';' expected.
lib/translations.ts(196,15): error TS1005: ';' expected.
lib/translations.ts(196,37): error TS1005: ';' expected.
lib/translations.ts(196,59): error TS1005: ';' expected.
lib/translations.ts(196,83): error TS1005: ';' expected.
lib/translations.ts(197,16): error TS1005: ';' expected.
lib/translations.ts(197,46): error TS1005: ';' expected.
lib/translations.ts(197,67): error TS1005: ';' expected.
lib/translations.ts(197,83): error TS1005: ';' expected.
lib/translations.ts(198,32): error TS1005: ';' expected.
lib/translations.ts(199,31): error TS1005: ';' expected.
lib/translations.ts(200,29): error TS1005: ';' expected.
lib/translations.ts(201,28): error TS1005: ';' expected.
lib/translations.ts(202,29): error TS1005: ';' expected.
lib/translations.ts(203,28): error TS1005: ';' expected.
lib/translations.ts(204,34): error TS1005: ';' expected.
lib/translations.ts(205,33): error TS1005: ';' expected.
lib/translations.ts(206,29): error TS1005: ';' expected.
lib/translations.ts(207,28): error TS1005: ';' expected.
lib/translations.ts(208,31): error TS1005: ';' expected.
lib/translations.ts(209,30): error TS1005: ';' expected.
lib/translations.ts(210,27): error TS6188: Numeric separators are not allowed here.
lib/translations.ts(210,28): error TS1351: An identifier or keyword cannot immediately follow a numeric literal.
lib/translations.ts(211,27): error TS6188: Numeric separators are not allowed here.
lib/translations.ts(211,28): error TS1351: An identifier or keyword cannot immediately follow a numeric literal.
lib/translations.ts(212,29): error TS1005: ';' expected.
lib/translations.ts(213,28): error TS1005: ';' expected.
lib/translations.ts(214,21): error TS6188: Numeric separators are not allowed here.
lib/translations.ts(214,22): error TS1351: An identifier or keyword cannot immediately follow a numeric literal.
lib/translations.ts(215,21): error TS6188: Numeric separators are not allowed here.
lib/translations.ts(215,22): error TS1351: An identifier or keyword cannot immediately follow a numeric literal.
lib/translations.ts(216,26): error TS6188: Numeric separators are not allowed here.
lib/translations.ts(216,27): error TS1351: An identifier or keyword cannot immediately follow a numeric literal.
lib/translations.ts(217,26): error TS6188: Numeric separators are not allowed here.
lib/translations.ts(217,27): error TS1351: An identifier or keyword cannot immediately follow a numeric literal.
lib/translations.ts(218,28): error TS1005: ';' expected.
lib/translations.ts(219,27): error TS1005: ';' expected.
lib/translations.ts(220,37): error TS1005: ';' expected.
lib/translations.ts(221,36): error TS1005: ';' expected.
lib/translations.ts(222,38): error TS1005: ';' expected.
lib/translations.ts(223,37): error TS1005: ';' expected.
lib/translations.ts(224,28): error TS1005: ';' expected.
lib/translations.ts(225,27): error TS1005: ';' expected.
lib/translations.ts(226,33): error TS1005: ';' expected.
lib/translations.ts(227,32): error TS1005: ';' expected.
lib/translations.ts(228,31): error TS1005: ';' expected.
lib/translations.ts(229,30): error TS1005: ';' expected.
lib/translations.ts(230,21): error TS1351: An identifier or keyword cannot immediately follow a numeric literal.
lib/translations.ts(231,21): error TS1351: An identifier or keyword cannot immediately follow a numeric literal.
lib/translations.ts(232,27): error TS1005: ';' expected.
lib/translations.ts(233,26): error TS1005: ';' expected.
lib/translations.ts(234,26): error TS6188: Numeric separators are not allowed here.
lib/translations.ts(234,27): error TS1351: An identifier or keyword cannot immediately follow a numeric literal.
lib/translations.ts(235,26): error TS6188: Numeric separators are not allowed here.
lib/translations.ts(235,27): error TS1351: An identifier or keyword cannot immediately follow a numeric literal.
lib/translations.ts(236,25): error TS1005: ';' expected.
lib/translations.ts(237,24): error TS1005: ';' expected.
lib/translations.ts(238,32): error TS1005: ';' expected.
lib/translations.ts(239,31): error TS1005: ';' expected.
lib/translations.ts(240,27): error TS1005: ';' expected.
lib/translations.ts(241,26): error TS1005: ';' expected.
lib/translations.ts(242,23): error TS1005: ';' expected.
lib/translations.ts(243,22): error TS1005: ';' expected.
lib/translations.ts(244,34): error TS1005: ';' expected.
lib/translations.ts(245,33): error TS1005: ';' expected.
lib/translations.ts(246,29): error TS1005: ';' expected.
lib/translations.ts(247,28): error TS1005: ';' expected.
lib/translations.ts(248,30): error TS1005: ';' expected.
lib/translations.ts(249,29): error TS1005: ';' expected.
lib/translations.ts(250,32): error TS1005: ';' expected.
lib/translations.ts(251,31): error TS1005: ';' expected.
lib/translations.ts(252,27): error TS1005: ';' expected.
lib/translations.ts(253,26): error TS1005: ';' expected.
lib/translations.ts(254,29): error TS1005: ';' expected.
lib/translations.ts(255,28): error TS1005: ';' expected.
lib/translations.ts(256,22): error TS1005: ';' expected.
lib/translations.ts(257,21): error TS1005: ';' expected.
lib/translations.ts(258,28): error TS1005: ';' expected.
lib/translations.ts(259,27): error TS1005: ';' expected.
lib/translations.ts(260,28): error TS1005: ';' expected.
lib/translations.ts(261,27): error TS1005: ';' expected.
lib/translations.ts(262,31): error TS1005: ';' expected.
lib/translations.ts(263,30): error TS1005: ';' expected.
lib/translations.ts(264,22): error TS1351: An identifier or keyword cannot immediately follow a numeric literal.
lib/translations.ts(265,22): error TS1351: An identifier or keyword cannot immediately follow a numeric literal.
lib/translations.ts(266,24): error TS1005: ';' expected.
lib/translations.ts(267,23): error TS1005: ';' expected.
lib/translations.ts(268,30): error TS1005: ';' expected.
lib/translations.ts(269,29): error TS1005: ';' expected.
lib/translations.ts(270,32): error TS1005: ';' expected.
lib/translations.ts(271,31): error TS1005: ';' expected.
lib/translations.ts(272,26): error TS1005: ';' expected.
lib/translations.ts(273,25): error TS1005: ';' expected.
lib/translations.ts(274,29): error TS1005: ';' expected.
lib/translations.ts(275,28): error TS1005: ';' expected.
lib/translations.ts(276,29): error TS1005: ';' expected.
lib/translations.ts(277,28): error TS1005: ';' expected.
lib/translations.ts(278,29): error TS1005: ';' expected.
lib/translations.ts(279,28): error TS1005: ';' expected.
lib/translations.ts(280,31): error TS1005: ';' expected.
lib/translations.ts(281,30): error TS1005: ';' expected.
lib/translations.ts(282,24): error TS1005: ';' expected.
lib/translations.ts(283,23): error TS1005: ';' expected.
lib/translations.ts(284,31): error TS1005: ';' expected.
lib/translations.ts(285,30): error TS1005: ';' expected.
lib/translations.ts(286,30): error TS1005: ';' expected.
lib/translations.ts(287,29): error TS1005: ';' expected.
lib/translations.ts(288,29): error TS1005: ';' expected.
lib/translations.ts(289,28): error TS1005: ';' expected.
lib/translations.ts(290,25): error TS1005: ';' expected.
lib/translations.ts(291,24): error TS1005: ';' expected.
lib/translations.ts(292,17): error TS1109: Expression expected.
lib/translations.ts(292,20): error TS1005: '(' expected.
lib/translations.ts(292,33): error TS1005: ';' expected.
lib/translations.ts(293,17): error TS1109: Expression expected.
lib/translations.ts(293,20): error TS1005: '(' expected.
lib/translations.ts(293,32): error TS1005: ';' expected.
lib/translations.ts(294,28): error TS1005: ';' expected.
lib/translations.ts(295,27): error TS1005: ';' expected.
lib/translations.ts(296,20): error TS1005: ';' expected.
lib/translations.ts(297,19): error TS1005: ';' expected.
lib/translations.ts(298,27): error TS1005: ';' expected.
lib/translations.ts(299,26): error TS1005: ';' expected.
lib/translations.ts(300,28): error TS1005: ';' expected.
lib/translations.ts(301,27): error TS1005: ';' expected.
lib/translations.ts(302,32): error TS1005: ';' expected.
lib/translations.ts(303,31): error TS1005: ';' expected.
lib/translations.ts(304,21): error TS1005: ';' expected.
lib/translations.ts(305,20): error TS1005: ';' expected.
lib/translations.ts(306,30): error TS1005: ';' expected.
lib/translations.ts(307,29): error TS1005: ';' expected.
lib/translations.ts(308,29): error TS1005: ';' expected.
lib/translations.ts(309,28): error TS1005: ';' expected.
lib/translations.ts(310,25): error TS1005: ';' expected.
lib/translations.ts(311,24): error TS1005: ';' expected.
lib/translations.ts(312,31): error TS1005: ';' expected.
lib/translations.ts(313,30): error TS1005: ';' expected.
lib/translations.ts(314,31): error TS1005: ';' expected.
lib/translations.ts(315,30): error TS1005: ';' expected.
lib/translations.ts(316,30): error TS1005: ';' expected.
lib/translations.ts(317,29): error TS1005: ';' expected.
lib/translations.ts(318,22): error TS1005: ';' expected.
lib/translations.ts(319,21): error TS1005: ';' expected.
lib/translations.ts(320,30): error TS1005: ';' expected.
lib/translations.ts(321,29): error TS1005: ';' expected.
lib/translations.ts(322,5): error TS1128: Declaration or statement expected.
lib/translations.ts(324,29): error TS1005: ';' expected.
lib/translations.ts(324,45): error TS1109: Expression expected.
lib/translations.ts(324,63): error TS1005: ';' expected.
lib/translations.ts(325,18): error TS1005: ';' expected.
lib/translations.ts(325,47): error TS1005: ';' expected.
lib/translations.ts(325,78): error TS1005: ';' expected.
lib/translations.ts(326,14): error TS1005: ';' expected.
lib/translations.ts(326,39): error TS1005: ';' expected.
lib/translations.ts(326,63): error TS1005: ';' expected.
lib/translations.ts(327,12): error TS1005: ';' expected.
lib/translations.ts(327,35): error TS1005: ';' expected.
lib/translations.ts(327,53): error TS1005: ';' expected.
lib/translations.ts(328,13): error TS1005: ';' expected.
lib/translations.ts(328,38): error TS1005: ';' expected.
lib/translations.ts(328,82): error TS1005: ';' expected.
lib/translations.ts(329,17): error TS1005: ';' expected.
lib/translations.ts(329,40): error TS1005: ';' expected.
lib/translations.ts(329,58): error TS1005: ';' expected.
lib/translations.ts(329,81): error TS1005: ';' expected.
lib/translations.ts(330,10): error TS1005: ';' expected.
lib/translations.ts(330,31): error TS1005: ';' expected.
lib/translations.ts(330,58): error TS1005: ';' expected.
lib/translations.ts(330,93): error TS1005: ';' expected.
lib/translations.ts(331,11): error TS1005: ';' expected.
lib/translations.ts(331,30): error TS1005: ';' expected.
lib/translations.ts(331,50): error TS1005: ';' expected.
lib/translations.ts(331,67): error TS1005: ';' expected.
lib/translations.ts(331,86): error TS1005: ';' expected.
lib/translations.ts(332,12): error TS1005: ';' expected.
lib/translations.ts(332,32): error TS1005: ';' expected.
lib/translations.ts(332,48): error TS1005: ';' expected.
lib/translations.ts(332,63): error TS1005: ';' expected.
lib/translations.ts(332,90): error TS1005: ';' expected.
lib/translations.ts(333,15): error TS1005: ';' expected.
lib/translations.ts(333,36): error TS1005: ';' expected.
lib/translations.ts(333,58): error TS1005: ';' expected.
lib/translations.ts(333,82): error TS1005: ';' expected.
lib/translations.ts(334,16): error TS1005: ';' expected.
lib/translations.ts(334,46): error TS1005: ';' expected.
lib/translations.ts(334,67): error TS1005: ';' expected.
lib/translations.ts(334,83): error TS1005: ';' expected.
lib/translations.ts(335,32): error TS1005: ';' expected.
lib/translations.ts(336,31): error TS1005: ';' expected.
lib/translations.ts(337,29): error TS1005: ';' expected.
lib/translations.ts(338,28): error TS1005: ';' expected.
lib/translations.ts(339,29): error TS1005: ';' expected.
lib/translations.ts(340,28): error TS1005: ';' expected.
lib/translations.ts(341,34): error TS1005: ';' expected.
lib/translations.ts(342,33): error TS1005: ';' expected.
lib/translations.ts(343,29): error TS1005: ';' expected.
lib/translations.ts(344,28): error TS1005: ';' expected.
lib/translations.ts(345,31): error TS1005: ';' expected.
lib/translations.ts(346,30): error TS1005: ';' expected.
lib/translations.ts(347,27): error TS6188: Numeric separators are not allowed here.
lib/translations.ts(347,28): error TS1351: An identifier or keyword cannot immediately follow a numeric literal.
lib/translations.ts(348,27): error TS6188: Numeric separators are not allowed here.
lib/translations.ts(348,28): error TS1351: An identifier or keyword cannot immediately follow a numeric literal.
lib/translations.ts(349,29): error TS1005: ';' expected.
lib/translations.ts(350,28): error TS1005: ';' expected.
lib/translations.ts(351,21): error TS6188: Numeric separators are not allowed here.
lib/translations.ts(351,22): error TS1351: An identifier or keyword cannot immediately follow a numeric literal.
lib/translations.ts(352,21): error TS6188: Numeric separators are not allowed here.
lib/translations.ts(352,22): error TS1351: An identifier or keyword cannot immediately follow a numeric literal.
lib/translations.ts(353,26): error TS6188: Numeric separators are not allowed here.
lib/translations.ts(353,27): error TS1351: An identifier or keyword cannot immediately follow a numeric literal.
lib/translations.ts(354,26): error TS6188: Numeric separators are not allowed here.
lib/translations.ts(354,27): error TS1351: An identifier or keyword cannot immediately follow a numeric literal.
lib/translations.ts(355,28): error TS1005: ';' expected.
lib/translations.ts(356,27): error TS1005: ';' expected.
lib/translations.ts(357,37): error TS1005: ';' expected.
lib/translations.ts(358,36): error TS1005: ';' expected.
lib/translations.ts(359,38): error TS1005: ';' expected.
lib/translations.ts(360,37): error TS1005: ';' expected.
lib/translations.ts(361,28): error TS1005: ';' expected.
lib/translations.ts(362,27): error TS1005: ';' expected.
lib/translations.ts(363,33): error TS1005: ';' expected.
lib/translations.ts(364,32): error TS1005: ';' expected.
lib/translations.ts(365,31): error TS1005: ';' expected.
lib/translations.ts(366,30): error TS1005: ';' expected.
lib/translations.ts(367,21): error TS1351: An identifier or keyword cannot immediately follow a numeric literal.
lib/translations.ts(368,21): error TS1351: An identifier or keyword cannot immediately follow a numeric literal.
lib/translations.ts(369,27): error TS1005: ';' expected.
lib/translations.ts(370,26): error TS1005: ';' expected.
lib/translations.ts(371,26): error TS6188: Numeric separators are not allowed here.
lib/translations.ts(371,27): error TS1351: An identifier or keyword cannot immediately follow a numeric literal.
lib/translations.ts(372,26): error TS6188: Numeric separators are not allowed here.
lib/translations.ts(372,27): error TS1351: An identifier or keyword cannot immediately follow a numeric literal.
lib/translations.ts(373,25): error TS1005: ';' expected.
lib/translations.ts(374,24): error TS1005: ';' expected.
lib/translations.ts(375,32): error TS1005: ';' expected.
lib/translations.ts(376,31): error TS1005: ';' expected.
lib/translations.ts(377,27): error TS1005: ';' expected.
lib/translations.ts(378,26): error TS1005: ';' expected.
lib/translations.ts(379,23): error TS1005: ';' expected.
lib/translations.ts(380,22): error TS1005: ';' expected.
lib/translations.ts(381,34): error TS1005: ';' expected.
lib/translations.ts(382,33): error TS1005: ';' expected.
lib/translations.ts(383,29): error TS1005: ';' expected.
lib/translations.ts(384,28): error TS1005: ';' expected.
lib/translations.ts(385,30): error TS1005: ';' expected.
lib/translations.ts(386,29): error TS1005: ';' expected.
lib/translations.ts(387,32): error TS1005: ';' expected.
lib/translations.ts(388,31): error TS1005: ';' expected.
lib/translations.ts(389,27): error TS1005: ';' expected.
lib/translations.ts(390,26): error TS1005: ';' expected.
lib/translations.ts(391,29): error TS1005: ';' expected.
lib/translations.ts(392,28): error TS1005: ';' expected.
lib/translations.ts(393,22): error TS1005: ';' expected.
lib/translations.ts(394,21): error TS1005: ';' expected.
lib/translations.ts(395,28): error TS1005: ';' expected.
lib/translations.ts(396,27): error TS1005: ';' expected.
lib/translations.ts(397,28): error TS1005: ';' expected.
lib/translations.ts(398,27): error TS1005: ';' expected.
lib/translations.ts(399,31): error TS1005: ';' expected.
lib/translations.ts(400,30): error TS1005: ';' expected.
lib/translations.ts(401,22): error TS1351: An identifier or keyword cannot immediately follow a numeric literal.
lib/translations.ts(402,22): error TS1351: An identifier or keyword cannot immediately follow a numeric literal.
lib/translations.ts(403,24): error TS1005: ';' expected.
lib/translations.ts(404,23): error TS1005: ';' expected.
lib/translations.ts(405,30): error TS1005: ';' expected.
lib/translations.ts(406,29): error TS1005: ';' expected.
lib/translations.ts(407,32): error TS1005: ';' expected.
lib/translations.ts(408,31): error TS1005: ';' expected.
lib/translations.ts(409,26): error TS1005: ';' expected.
lib/translations.ts(410,25): error TS1005: ';' expected.
lib/translations.ts(411,29): error TS1005: ';' expected.
lib/translations.ts(412,28): error TS1005: ';' expected.
lib/translations.ts(413,29): error TS1005: ';' expected.
lib/translations.ts(414,28): error TS1005: ';' expected.
lib/translations.ts(415,29): error TS1005: ';' expected.
lib/translations.ts(416,28): error TS1005: ';' expected.
lib/translations.ts(417,31): error TS1005: ';' expected.
lib/translations.ts(418,30): error TS1005: ';' expected.
lib/translations.ts(419,24): error TS1005: ';' expected.
lib/translations.ts(420,23): error TS1005: ';' expected.
lib/translations.ts(421,31): error TS1005: ';' expected.
lib/translations.ts(422,30): error TS1005: ';' expected.
lib/translations.ts(423,30): error TS1005: ';' expected.
lib/translations.ts(424,29): error TS1005: ';' expected.
lib/translations.ts(425,29): error TS1005: ';' expected.
lib/translations.ts(426,28): error TS1005: ';' expected.
lib/translations.ts(427,25): error TS1005: ';' expected.
lib/translations.ts(428,24): error TS1005: ';' expected.
lib/translations.ts(429,17): error TS1109: Expression expected.
lib/translations.ts(429,20): error TS1005: '(' expected.
lib/translations.ts(429,33): error TS1005: ';' expected.
lib/translations.ts(430,17): error TS1109: Expression expected.
lib/translations.ts(430,20): error TS1005: '(' expected.
lib/translations.ts(430,32): error TS1005: ';' expected.
lib/translations.ts(431,28): error TS1005: ';' expected.
lib/translations.ts(432,27): error TS1005: ';' expected.
lib/translations.ts(433,20): error TS1005: ';' expected.
lib/translations.ts(434,19): error TS1005: ';' expected.
lib/translations.ts(435,27): error TS1005: ';' expected.
lib/translations.ts(436,26): error TS1005: ';' expected.
lib/translations.ts(437,28): error TS1005: ';' expected.
lib/translations.ts(438,27): error TS1005: ';' expected.
lib/translations.ts(439,32): error TS1005: ';' expected.
lib/translations.ts(440,31): error TS1005: ';' expected.
lib/translations.ts(441,21): error TS1005: ';' expected.
lib/translations.ts(442,20): error TS1005: ';' expected.
lib/translations.ts(443,30): error TS1005: ';' expected.
lib/translations.ts(444,29): error TS1005: ';' expected.
lib/translations.ts(445,29): error TS1005: ';' expected.
lib/translations.ts(446,28): error TS1005: ';' expected.
lib/translations.ts(447,25): error TS1005: ';' expected.
lib/translations.ts(448,24): error TS1005: ';' expected.
lib/translations.ts(449,31): error TS1005: ';' expected.
lib/translations.ts(450,30): error TS1005: ';' expected.
lib/translations.ts(451,31): error TS1005: ';' expected.
lib/translations.ts(452,30): error TS1005: ';' expected.
lib/translations.ts(453,30): error TS1005: ';' expected.
lib/translations.ts(454,29): error TS1005: ';' expected.
lib/translations.ts(455,22): error TS1005: ';' expected.
lib/translations.ts(456,21): error TS1005: ';' expected.
lib/translations.ts(457,30): error TS1005: ';' expected.
lib/translations.ts(458,29): error TS1005: ';' expected.
lib/translations.ts(459,5): error TS1128: Declaration or statement expected.
lib/translations.ts(461,24): error TS1005: ';' expected.
lib/translations.ts(461,36): error TS1109: Expression expected.
lib/translations.ts(461,51): error TS1005: ';' expected.
lib/translations.ts(462,18): error TS1005: ';' expected.
lib/translations.ts(462,43): error TS1005: ';' expected.
lib/translations.ts(462,69): error TS1005: ';' expected.
lib/translations.ts(463,14): error TS1005: ';' expected.
lib/translations.ts(463,33): error TS1005: ';' expected.
lib/translations.ts(463,47): error TS1005: ';' expected.
lib/translations.ts(464,12): error TS1005: ';' expected.
lib/translations.ts(464,30): error TS1005: ';' expected.
lib/translations.ts(464,45): error TS1005: ';' expected.
lib/translations.ts(465,13): error TS1005: ';' expected.
lib/translations.ts(465,33): error TS1005: ';' expected.
lib/translations.ts(465,60): error TS1005: ';' expected.
lib/translations.ts(466,17): error TS1005: ';' expected.
lib/translations.ts(466,33): error TS1005: ';' expected.
lib/translations.ts(466,47): error TS1005: ';' expected.
lib/translations.ts(466,64): error TS1005: ';' expected.
lib/translations.ts(467,10): error TS1005: ';' expected.
lib/translations.ts(467,28): error TS1005: ';' expected.
lib/translations.ts(467,50): error TS1005: ';' expected.
lib/translations.ts(467,77): error TS1005: ';' expected.
lib/translations.ts(468,11): error TS1005: ';' expected.
lib/translations.ts(468,28): error TS1005: ';' expected.
lib/translations.ts(468,44): error TS1005: ';' expected.
lib/translations.ts(468,59): error TS1005: ';' expected.
lib/translations.ts(468,71): error TS1005: ';' expected.
lib/translations.ts(469,12): error TS1005: ';' expected.
lib/translations.ts(469,28): error TS1005: ';' expected.
lib/translations.ts(469,39): error TS1005: ';' expected.
lib/translations.ts(469,54): error TS1005: ';' expected.
lib/translations.ts(469,70): error TS1005: ';' expected.
lib/translations.ts(470,15): error TS1005: ';' expected.
lib/translations.ts(470,32): error TS1005: ';' expected.
lib/translations.ts(470,49): error TS1005: ';' expected.
lib/translations.ts(470,65): error TS1005: ';' expected.
lib/translations.ts(471,16): error TS1005: ';' expected.
lib/translations.ts(471,40): error TS1005: ';' expected.
lib/translations.ts(471,57): error TS1005: ';' expected.
lib/translations.ts(471,71): error TS1005: ';' expected.
lib/translations.ts(472,32): error TS1005: ';' expected.
lib/translations.ts(473,31): error TS1005: ';' expected.
lib/translations.ts(474,29): error TS1005: ';' expected.
lib/translations.ts(475,28): error TS1005: ';' expected.
lib/translations.ts(476,29): error TS1005: ';' expected.
lib/translations.ts(477,28): error TS1005: ';' expected.
lib/translations.ts(478,34): error TS1005: ';' expected.
lib/translations.ts(479,33): error TS1005: ';' expected.
lib/translations.ts(480,29): error TS1005: ';' expected.
lib/translations.ts(481,28): error TS1005: ';' expected.
lib/translations.ts(482,31): error TS1005: ';' expected.
lib/translations.ts(483,30): error TS1005: ';' expected.
lib/translations.ts(484,27): error TS6188: Numeric separators are not allowed here.
lib/translations.ts(484,28): error TS1351: An identifier or keyword cannot immediately follow a numeric literal.
lib/translations.ts(485,27): error TS6188: Numeric separators are not allowed here.
lib/translations.ts(485,28): error TS1351: An identifier or keyword cannot immediately follow a numeric literal.
lib/translations.ts(486,29): error TS1005: ';' expected.
lib/translations.ts(487,28): error TS1005: ';' expected.
lib/translations.ts(488,21): error TS6188: Numeric separators are not allowed here.
lib/translations.ts(488,22): error TS1351: An identifier or keyword cannot immediately follow a numeric literal.
lib/translations.ts(489,21): error TS6188: Numeric separators are not allowed here.
lib/translations.ts(489,22): error TS1351: An identifier or keyword cannot immediately follow a numeric literal.
lib/translations.ts(490,26): error TS6188: Numeric separators are not allowed here.
lib/translations.ts(490,27): error TS1351: An identifier or keyword cannot immediately follow a numeric literal.
lib/translations.ts(491,26): error TS6188: Numeric separators are not allowed here.
lib/translations.ts(491,27): error TS1351: An identifier or keyword cannot immediately follow a numeric literal.
lib/translations.ts(492,28): error TS1005: ';' expected.
lib/translations.ts(493,27): error TS1005: ';' expected.
lib/translations.ts(494,37): error TS1005: ';' expected.
lib/translations.ts(495,36): error TS1005: ';' expected.
lib/translations.ts(496,38): error TS1005: ';' expected.
lib/translations.ts(497,37): error TS1005: ';' expected.
lib/translations.ts(498,28): error TS1005: ';' expected.
lib/translations.ts(499,27): error TS1005: ';' expected.
lib/translations.ts(500,33): error TS1005: ';' expected.
lib/translations.ts(501,32): error TS1005: ';' expected.
lib/translations.ts(502,31): error TS1005: ';' expected.
lib/translations.ts(503,30): error TS1005: ';' expected.
lib/translations.ts(504,21): error TS1351: An identifier or keyword cannot immediately follow a numeric literal.
lib/translations.ts(505,21): error TS1351: An identifier or keyword cannot immediately follow a numeric literal.
lib/translations.ts(506,27): error TS1005: ';' expected.
lib/translations.ts(507,26): error TS1005: ';' expected.
lib/translations.ts(508,26): error TS6188: Numeric separators are not allowed here.
lib/translations.ts(508,27): error TS1351: An identifier or keyword cannot immediately follow a numeric literal.
lib/translations.ts(509,26): error TS6188: Numeric separators are not allowed here.
lib/translations.ts(509,27): error TS1351: An identifier or keyword cannot immediately follow a numeric literal.
lib/translations.ts(510,25): error TS1005: ';' expected.
lib/translations.ts(511,24): error TS1005: ';' expected.
lib/translations.ts(512,32): error TS1005: ';' expected.
lib/translations.ts(513,31): error TS1005: ';' expected.
lib/translations.ts(514,27): error TS1005: ';' expected.
lib/translations.ts(515,26): error TS1005: ';' expected.
lib/translations.ts(516,23): error TS1005: ';' expected.
lib/translations.ts(517,22): error TS1005: ';' expected.
lib/translations.ts(518,34): error TS1005: ';' expected.
lib/translations.ts(519,33): error TS1005: ';' expected.
lib/translations.ts(520,29): error TS1005: ';' expected.
lib/translations.ts(521,28): error TS1005: ';' expected.
lib/translations.ts(522,30): error TS1005: ';' expected.
lib/translations.ts(523,29): error TS1005: ';' expected.
lib/translations.ts(524,32): error TS1005: ';' expected.
lib/translations.ts(525,31): error TS1005: ';' expected.
lib/translations.ts(526,27): error TS1005: ';' expected.
lib/translations.ts(527,26): error TS1005: ';' expected.
lib/translations.ts(528,29): error TS1005: ';' expected.
lib/translations.ts(529,28): error TS1005: ';' expected.
lib/translations.ts(530,22): error TS1005: ';' expected.
lib/translations.ts(531,21): error TS1005: ';' expected.
lib/translations.ts(532,28): error TS1005: ';' expected.
lib/translations.ts(533,27): error TS1005: ';' expected.
lib/translations.ts(534,28): error TS1005: ';' expected.
lib/translations.ts(535,27): error TS1005: ';' expected.
lib/translations.ts(536,31): error TS1005: ';' expected.
lib/translations.ts(537,30): error TS1005: ';' expected.
lib/translations.ts(538,22): error TS1351: An identifier or keyword cannot immediately follow a numeric literal.
lib/translations.ts(539,22): error TS1351: An identifier or keyword cannot immediately follow a numeric literal.
lib/translations.ts(540,24): error TS1005: ';' expected.
lib/translations.ts(541,23): error TS1005: ';' expected.
lib/translations.ts(542,30): error TS1005: ';' expected.
lib/translations.ts(543,29): error TS1005: ';' expected.
lib/translations.ts(544,32): error TS1005: ';' expected.
lib/translations.ts(545,31): error TS1005: ';' expected.
lib/translations.ts(546,26): error TS1005: ';' expected.
lib/translations.ts(547,25): error TS1005: ';' expected.
lib/translations.ts(548,29): error TS1005: ';' expected.
lib/translations.ts(549,28): error TS1005: ';' expected.
lib/translations.ts(550,29): error TS1005: ';' expected.
lib/translations.ts(551,28): error TS1005: ';' expected.
lib/translations.ts(552,29): error TS1005: ';' expected.
lib/translations.ts(553,28): error TS1005: ';' expected.
lib/translations.ts(554,31): error TS1005: ';' expected.
lib/translations.ts(555,30): error TS1005: ';' expected.
lib/translations.ts(556,24): error TS1005: ';' expected.
lib/translations.ts(557,23): error TS1005: ';' expected.
lib/translations.ts(558,31): error TS1005: ';' expected.
lib/translations.ts(559,30): error TS1005: ';' expected.
lib/translations.ts(560,30): error TS1005: ';' expected.
lib/translations.ts(561,29): error TS1005: ';' expected.
lib/translations.ts(562,29): error TS1005: ';' expected.
lib/translations.ts(563,28): error TS1005: ';' expected.
lib/translations.ts(564,25): error TS1005: ';' expected.
lib/translations.ts(565,24): error TS1005: ';' expected.
lib/translations.ts(566,17): error TS1109: Expression expected.
lib/translations.ts(566,20): error TS1005: '(' expected.
lib/translations.ts(566,33): error TS1005: ';' expected.
lib/translations.ts(567,17): error TS1109: Expression expected.
lib/translations.ts(567,20): error TS1005: '(' expected.
lib/translations.ts(567,32): error TS1005: ';' expected.
lib/translations.ts(568,28): error TS1005: ';' expected.
lib/translations.ts(569,27): error TS1005: ';' expected.
lib/translations.ts(570,20): error TS1005: ';' expected.
lib/translations.ts(571,19): error TS1005: ';' expected.
lib/translations.ts(572,27): error TS1005: ';' expected.
lib/translations.ts(573,26): error TS1005: ';' expected.
lib/translations.ts(574,28): error TS1005: ';' expected.
lib/translations.ts(575,27): error TS1005: ';' expected.
lib/translations.ts(576,32): error TS1005: ';' expected.
lib/translations.ts(577,31): error TS1005: ';' expected.
lib/translations.ts(578,21): error TS1005: ';' expected.
lib/translations.ts(579,20): error TS1005: ';' expected.
lib/translations.ts(580,30): error TS1005: ';' expected.
lib/translations.ts(581,29): error TS1005: ';' expected.
lib/translations.ts(582,29): error TS1005: ';' expected.
lib/translations.ts(583,28): error TS1005: ';' expected.
lib/translations.ts(584,25): error TS1005: ';' expected.
lib/translations.ts(585,24): error TS1005: ';' expected.
lib/translations.ts(586,31): error TS1005: ';' expected.
lib/translations.ts(587,30): error TS1005: ';' expected.
lib/translations.ts(588,31): error TS1005: ';' expected.
lib/translations.ts(589,30): error TS1005: ';' expected.
lib/translations.ts(590,30): error TS1005: ';' expected.
lib/translations.ts(591,29): error TS1005: ';' expected.
lib/translations.ts(592,22): error TS1005: ';' expected.
lib/translations.ts(593,21): error TS1005: ';' expected.
lib/translations.ts(594,30): error TS1005: ';' expected.
lib/translations.ts(595,29): error TS1005: ';' expected.
lib/translations.ts(596,5): error TS1128: Declaration or statement expected.
lib/translations.ts(598,26): error TS1005: ';' expected.
lib/translations.ts(598,39): error TS1109: Expression expected.
lib/translations.ts(598,54): error TS1005: ';' expected.
lib/translations.ts(599,18): error TS1005: ';' expected.
lib/translations.ts(599,42): error TS1005: ';' expected.
lib/translations.ts(599,66): error TS1005: ';' expected.
lib/translations.ts(600,14): error TS1005: ';' expected.
lib/translations.ts(600,35): error TS1005: ';' expected.
lib/translations.ts(600,49): error TS1005: ';' expected.
lib/translations.ts(601,12): error TS1005: ';' expected.
lib/translations.ts(601,33): error TS1005: ';' expected.
lib/translations.ts(601,49): error TS1005: ';' expected.
lib/translations.ts(602,13): error TS1005: ';' expected.
lib/translations.ts(602,33): error TS1005: ';' expected.
lib/translations.ts(602,62): error TS1005: ';' expected.
lib/translations.ts(603,17): error TS1005: ';' expected.
lib/translations.ts(603,36): error TS1005: ';' expected.
lib/translations.ts(603,50): error TS1005: ';' expected.
lib/translations.ts(603,70): error TS1005: ';' expected.
lib/translations.ts(604,10): error TS1005: ';' expected.
lib/translations.ts(604,28): error TS1005: ';' expected.
lib/translations.ts(604,50): error TS1005: ';' expected.
lib/translations.ts(604,78): error TS1005: ';' expected.
lib/translations.ts(605,11): error TS1005: ';' expected.
lib/translations.ts(605,31): error TS1005: ';' expected.
lib/translations.ts(605,50): error TS1005: ';' expected.
lib/translations.ts(605,66): error TS1005: ';' expected.
lib/translations.ts(605,79): error TS1005: ';' expected.
lib/translations.ts(606,12): error TS1005: ';' expected.
lib/translations.ts(606,30): error TS1005: ';' expected.
lib/translations.ts(606,43): error TS1005: ';' expected.
lib/translations.ts(606,58): error TS1005: ';' expected.
lib/translations.ts(606,75): error TS1005: ';' expected.
lib/translations.ts(607,15): error TS1005: ';' expected.
lib/translations.ts(607,35): error TS1005: ';' expected.
lib/translations.ts(607,53): error TS1005: ';' expected.
lib/translations.ts(607,73): error TS1005: ';' expected.
lib/translations.ts(608,16): error TS1005: ';' expected.
lib/translations.ts(608,42): error TS1005: ';' expected.
lib/translations.ts(608,62): error TS1005: ';' expected.
lib/translations.ts(608,76): error TS1005: ';' expected.
lib/translations.ts(609,32): error TS1005: ';' expected.
lib/translations.ts(610,31): error TS1005: ';' expected.
lib/translations.ts(611,29): error TS1005: ';' expected.
lib/translations.ts(612,28): error TS1005: ';' expected.
lib/translations.ts(613,29): error TS1005: ';' expected.
lib/translations.ts(614,28): error TS1005: ';' expected.
lib/translations.ts(615,34): error TS1005: ';' expected.
lib/translations.ts(616,33): error TS1005: ';' expected.
lib/translations.ts(617,29): error TS1005: ';' expected.
lib/translations.ts(618,28): error TS1005: ';' expected.
lib/translations.ts(619,31): error TS1005: ';' expected.
lib/translations.ts(620,30): error TS1005: ';' expected.
lib/translations.ts(621,27): error TS6188: Numeric separators are not allowed here.
lib/translations.ts(621,28): error TS1351: An identifier or keyword cannot immediately follow a numeric literal.
lib/translations.ts(622,27): error TS6188: Numeric separators are not allowed here.
lib/translations.ts(622,28): error TS1351: An identifier or keyword cannot immediately follow a numeric literal.
lib/translations.ts(623,29): error TS1005: ';' expected.
lib/translations.ts(624,28): error TS1005: ';' expected.
lib/translations.ts(625,21): error TS6188: Numeric separators are not allowed here.
lib/translations.ts(625,22): error TS1351: An identifier or keyword cannot immediately follow a numeric literal.
lib/translations.ts(626,21): error TS6188: Numeric separators are not allowed here.
lib/translations.ts(626,22): error TS1351: An identifier or keyword cannot immediately follow a numeric literal.
lib/translations.ts(627,26): error TS6188: Numeric separators are not allowed here.
lib/translations.ts(627,27): error TS1351: An identifier or keyword cannot immediately follow a numeric literal.
lib/translations.ts(628,26): error TS6188: Numeric separators are not allowed here.
lib/translations.ts(628,27): error TS1351: An identifier or keyword cannot immediately follow a numeric literal.
lib/translations.ts(629,28): error TS1005: ';' expected.
lib/translations.ts(630,27): error TS1005: ';' expected.
lib/translations.ts(631,37): error TS1005: ';' expected.
lib/translations.ts(632,36): error TS1005: ';' expected.
lib/translations.ts(633,38): error TS1005: ';' expected.
lib/translations.ts(634,37): error TS1005: ';' expected.
lib/translations.ts(635,28): error TS1005: ';' expected.
lib/translations.ts(636,27): error TS1005: ';' expected.
lib/translations.ts(637,33): error TS1005: ';' expected.
lib/translations.ts(638,32): error TS1005: ';' expected.
lib/translations.ts(639,31): error TS1005: ';' expected.
lib/translations.ts(640,30): error TS1005: ';' expected.
lib/translations.ts(641,21): error TS1351: An identifier or keyword cannot immediately follow a numeric literal.
lib/translations.ts(642,21): error TS1351: An identifier or keyword cannot immediately follow a numeric literal.
lib/translations.ts(643,27): error TS1005: ';' expected.
lib/translations.ts(644,26): error TS1005: ';' expected.
lib/translations.ts(645,26): error TS6188: Numeric separators are not allowed here.
lib/translations.ts(645,27): error TS1351: An identifier or keyword cannot immediately follow a numeric literal.
lib/translations.ts(646,26): error TS6188: Numeric separators are not allowed here.
lib/translations.ts(646,27): error TS1351: An identifier or keyword cannot immediately follow a numeric literal.
lib/translations.ts(647,25): error TS1005: ';' expected.
lib/translations.ts(648,24): error TS1005: ';' expected.
lib/translations.ts(649,32): error TS1005: ';' expected.
lib/translations.ts(650,31): error TS1005: ';' expected.
lib/translations.ts(651,27): error TS1005: ';' expected.
lib/translations.ts(652,26): error TS1005: ';' expected.
lib/translations.ts(653,23): error TS1005: ';' expected.
lib/translations.ts(654,22): error TS1005: ';' expected.
lib/translations.ts(655,34): error TS1005: ';' expected.
lib/translations.ts(656,33): error TS1005: ';' expected.
lib/translations.ts(657,29): error TS1005: ';' expected.
lib/translations.ts(658,28): error TS1005: ';' expected.
lib/translations.ts(659,30): error TS1005: ';' expected.
lib/translations.ts(660,29): error TS1005: ';' expected.
lib/translations.ts(661,32): error TS1005: ';' expected.
lib/translations.ts(662,31): error TS1005: ';' expected.
lib/translations.ts(663,27): error TS1005: ';' expected.
lib/translations.ts(664,26): error TS1005: ';' expected.
lib/translations.ts(665,29): error TS1005: ';' expected.
lib/translations.ts(666,28): error TS1005: ';' expected.
lib/translations.ts(667,22): error TS1005: ';' expected.
lib/translations.ts(668,21): error TS1005: ';' expected.
lib/translations.ts(669,28): error TS1005: ';' expected.
lib/translations.ts(670,27): error TS1005: ';' expected.
lib/translations.ts(671,28): error TS1005: ';' expected.
lib/translations.ts(672,27): error TS1005: ';' expected.
lib/translations.ts(673,31): error TS1005: ';' expected.
lib/translations.ts(674,30): error TS1005: ';' expected.
lib/translations.ts(675,22): error TS1351: An identifier or keyword cannot immediately follow a numeric literal.
lib/translations.ts(676,22): error TS1351: An identifier or keyword cannot immediately follow a numeric literal.
lib/translations.ts(677,24): error TS1005: ';' expected.
lib/translations.ts(678,23): error TS1005: ';' expected.
lib/translations.ts(679,30): error TS1005: ';' expected.
lib/translations.ts(680,29): error TS1005: ';' expected.
lib/translations.ts(681,32): error TS1005: ';' expected.
lib/translations.ts(682,31): error TS1005: ';' expected.
lib/translations.ts(683,26): error TS1005: ';' expected.
lib/translations.ts(684,25): error TS1005: ';' expected.
lib/translations.ts(685,29): error TS1005: ';' expected.
lib/translations.ts(686,28): error TS1005: ';' expected.
lib/translations.ts(687,29): error TS1005: ';' expected.
lib/translations.ts(688,28): error TS1005: ';' expected.
lib/translations.ts(689,29): error TS1005: ';' expected.
lib/translations.ts(690,28): error TS1005: ';' expected.
lib/translations.ts(691,31): error TS1005: ';' expected.
lib/translations.ts(692,30): error TS1005: ';' expected.
lib/translations.ts(693,24): error TS1005: ';' expected.
lib/translations.ts(694,23): error TS1005: ';' expected.
lib/translations.ts(695,31): error TS1005: ';' expected.
lib/translations.ts(696,30): error TS1005: ';' expected.
lib/translations.ts(697,30): error TS1005: ';' expected.
lib/translations.ts(698,29): error TS1005: ';' expected.
lib/translations.ts(699,29): error TS1005: ';' expected.
lib/translations.ts(700,28): error TS1005: ';' expected.
lib/translations.ts(701,25): error TS1005: ';' expected.
lib/translations.ts(702,24): error TS1005: ';' expected.
lib/translations.ts(703,17): error TS1109: Expression expected.
lib/translations.ts(703,20): error TS1005: '(' expected.
lib/translations.ts(703,33): error TS1005: ';' expected.
lib/translations.ts(704,17): error TS1109: Expression expected.
lib/translations.ts(704,20): error TS1005: '(' expected.
lib/translations.ts(704,32): error TS1005: ';' expected.
lib/translations.ts(705,28): error TS1005: ';' expected.
lib/translations.ts(706,27): error TS1005: ';' expected.
lib/translations.ts(707,20): error TS1005: ';' expected.
lib/translations.ts(708,19): error TS1005: ';' expected.
lib/translations.ts(709,27): error TS1005: ';' expected.
lib/translations.ts(710,26): error TS1005: ';' expected.
lib/translations.ts(711,28): error TS1005: ';' expected.
lib/translations.ts(712,27): error TS1005: ';' expected.
lib/translations.ts(713,32): error TS1005: ';' expected.
lib/translations.ts(714,31): error TS1005: ';' expected.
lib/translations.ts(715,21): error TS1005: ';' expected.
lib/translations.ts(716,20): error TS1005: ';' expected.
lib/translations.ts(717,30): error TS1005: ';' expected.
lib/translations.ts(718,29): error TS1005: ';' expected.
lib/translations.ts(719,29): error TS1005: ';' expected.
lib/translations.ts(720,28): error TS1005: ';' expected.
lib/translations.ts(721,25): error TS1005: ';' expected.
lib/translations.ts(722,24): error TS1005: ';' expected.
lib/translations.ts(723,31): error TS1005: ';' expected.
lib/translations.ts(724,30): error TS1005: ';' expected.
lib/translations.ts(725,31): error TS1005: ';' expected.
lib/translations.ts(726,30): error TS1005: ';' expected.
lib/translations.ts(727,30): error TS1005: ';' expected.
lib/translations.ts(728,29): error TS1005: ';' expected.
lib/translations.ts(729,22): error TS1005: ';' expected.
lib/translations.ts(730,21): error TS1005: ';' expected.
lib/translations.ts(731,30): error TS1005: ';' expected.
lib/translations.ts(732,29): error TS1005: ';' expected.
lib/translations.ts(733,5): error TS1128: Declaration or statement expected.
lib/translations.ts(735,25): error TS1005: ';' expected.
lib/translations.ts(735,38): error TS1109: Expression expected.
lib/translations.ts(735,53): error TS1005: ';' expected.
lib/translations.ts(736,18): error TS1005: ';' expected.
lib/translations.ts(736,40): error TS1005: ';' expected.
lib/translations.ts(736,61): error TS1005: ';' expected.
lib/translations.ts(737,14): error TS1005: ';' expected.
lib/translations.ts(737,31): error TS1005: ';' expected.
lib/translations.ts(737,45): error TS1005: ';' expected.
lib/translations.ts(738,12): error TS1005: ';' expected.
lib/translations.ts(738,31): error TS1005: ';' expected.
lib/translations.ts(738,45): error TS1005: ';' expected.
lib/translations.ts(739,13): error TS1005: ';' expected.
lib/translations.ts(739,32): error TS1005: ';' expected.
lib/translations.ts(739,60): error TS1005: ';' expected.
lib/translations.ts(740,17): error TS1005: ';' expected.
lib/translations.ts(740,33): error TS1005: ';' expected.
lib/translations.ts(740,47): error TS1005: ';' expected.
lib/translations.ts(740,64): error TS1005: ';' expected.
lib/translations.ts(741,10): error TS1005: ';' expected.
lib/translations.ts(741,28): error TS1005: ';' expected.
lib/translations.ts(741,47): error TS1005: ';' expected.
lib/translations.ts(741,73): error TS1005: ';' expected.
lib/translations.ts(742,11): error TS1005: ';' expected.
lib/translations.ts(742,28): error TS1005: ';' expected.
lib/translations.ts(742,42): error TS1005: ';' expected.
lib/translations.ts(742,55): error TS1005: ';' expected.
lib/translations.ts(742,67): error TS1005: ';' expected.
lib/translations.ts(743,12): error TS1005: ';' expected.
lib/translations.ts(743,27): error TS1005: ';' expected.
lib/translations.ts(743,37): error TS1005: ';' expected.
lib/translations.ts(743,52): error TS1005: ';' expected.
lib/translations.ts(743,68): error TS1005: ';' expected.
lib/translations.ts(744,15): error TS1005: ';' expected.
lib/translations.ts(744,29): error TS1005: ';' expected.
lib/translations.ts(744,45): error TS1005: ';' expected.
lib/translations.ts(744,61): error TS1005: ';' expected.
lib/translations.ts(745,16): error TS1005: ';' expected.
lib/translations.ts(745,36): error TS1005: ';' expected.
lib/translations.ts(745,49): error TS1005: ';' expected.
lib/translations.ts(745,62): error TS1005: ';' expected.
lib/translations.ts(746,32): error TS1005: ';' expected.
lib/translations.ts(747,31): error TS1005: ';' expected.
lib/translations.ts(748,29): error TS1005: ';' expected.
lib/translations.ts(749,28): error TS1005: ';' expected.
lib/translations.ts(750,29): error TS1005: ';' expected.
lib/translations.ts(751,28): error TS1005: ';' expected.
lib/translations.ts(752,34): error TS1005: ';' expected.
lib/translations.ts(753,33): error TS1005: ';' expected.
lib/translations.ts(754,29): error TS1005: ';' expected.
lib/translations.ts(755,28): error TS1005: ';' expected.
lib/translations.ts(756,31): error TS1005: ';' expected.
lib/translations.ts(757,30): error TS1005: ';' expected.
lib/translations.ts(758,27): error TS6188: Numeric separators are not allowed here.
lib/translations.ts(758,28): error TS1351: An identifier or keyword cannot immediately follow a numeric literal.
lib/translations.ts(759,27): error TS6188: Numeric separators are not allowed here.
lib/translations.ts(759,28): error TS1351: An identifier or keyword cannot immediately follow a numeric literal.
lib/translations.ts(760,29): error TS1005: ';' expected.
lib/translations.ts(761,28): error TS1005: ';' expected.
lib/translations.ts(762,21): error TS6188: Numeric separators are not allowed here.
lib/translations.ts(762,22): error TS1351: An identifier or keyword cannot immediately follow a numeric literal.
lib/translations.ts(763,21): error TS6188: Numeric separators are not allowed here.
lib/translations.ts(763,22): error TS1351: An identifier or keyword cannot immediately follow a numeric literal.
lib/translations.ts(764,26): error TS6188: Numeric separators are not allowed here.
lib/translations.ts(764,27): error TS1351: An identifier or keyword cannot immediately follow a numeric literal.
lib/translations.ts(765,26): error TS6188: Numeric separators are not allowed here.
lib/translations.ts(765,27): error TS1351: An identifier or keyword cannot immediately follow a numeric literal.
lib/translations.ts(766,28): error TS1005: ';' expected.
lib/translations.ts(767,27): error TS1005: ';' expected.
lib/translations.ts(768,37): error TS1005: ';' expected.
lib/translations.ts(769,36): error TS1005: ';' expected.
lib/translations.ts(770,38): error TS1005: ';' expected.
lib/translations.ts(771,37): error TS1005: ';' expected.
lib/translations.ts(772,28): error TS1005: ';' expected.
lib/translations.ts(773,27): error TS1005: ';' expected.
lib/translations.ts(774,33): error TS1005: ';' expected.
lib/translations.ts(775,32): error TS1005: ';' expected.
lib/translations.ts(776,31): error TS1005: ';' expected.
lib/translations.ts(777,30): error TS1005: ';' expected.
lib/translations.ts(778,21): error TS1351: An identifier or keyword cannot immediately follow a numeric literal.
lib/translations.ts(779,21): error TS1351: An identifier or keyword cannot immediately follow a numeric literal.
lib/translations.ts(780,27): error TS1005: ';' expected.
lib/translations.ts(781,26): error TS1005: ';' expected.
lib/translations.ts(782,26): error TS6188: Numeric separators are not allowed here.
lib/translations.ts(782,27): error TS1351: An identifier or keyword cannot immediately follow a numeric literal.
lib/translations.ts(783,26): error TS6188: Numeric separators are not allowed here.
lib/translations.ts(783,27): error TS1351: An identifier or keyword cannot immediately follow a numeric literal.
lib/translations.ts(784,25): error TS1005: ';' expected.
lib/translations.ts(785,24): error TS1005: ';' expected.
lib/translations.ts(786,32): error TS1005: ';' expected.
lib/translations.ts(787,31): error TS1005: ';' expected.
lib/translations.ts(788,27): error TS1005: ';' expected.
lib/translations.ts(789,26): error TS1005: ';' expected.
lib/translations.ts(790,23): error TS1005: ';' expected.
lib/translations.ts(791,22): error TS1005: ';' expected.
lib/translations.ts(792,34): error TS1005: ';' expected.
lib/translations.ts(793,33): error TS1005: ';' expected.
lib/translations.ts(794,29): error TS1005: ';' expected.
lib/translations.ts(795,28): error TS1005: ';' expected.
lib/translations.ts(796,30): error TS1005: ';' expected.
lib/translations.ts(797,29): error TS1005: ';' expected.
lib/translations.ts(798,32): error TS1005: ';' expected.
lib/translations.ts(799,31): error TS1005: ';' expected.
lib/translations.ts(800,27): error TS1005: ';' expected.
lib/translations.ts(801,26): error TS1005: ';' expected.
lib/translations.ts(802,29): error TS1005: ';' expected.
lib/translations.ts(803,28): error TS1005: ';' expected.
lib/translations.ts(804,22): error TS1005: ';' expected.
lib/translations.ts(805,21): error TS1005: ';' expected.
lib/translations.ts(806,28): error TS1005: ';' expected.
lib/translations.ts(807,27): error TS1005: ';' expected.
lib/translations.ts(808,28): error TS1005: ';' expected.
lib/translations.ts(809,27): error TS1005: ';' expected.
lib/translations.ts(810,31): error TS1005: ';' expected.
lib/translations.ts(811,30): error TS1005: ';' expected.
lib/translations.ts(812,22): error TS1351: An identifier or keyword cannot immediately follow a numeric literal.
lib/translations.ts(813,22): error TS1351: An identifier or keyword cannot immediately follow a numeric literal.
lib/translations.ts(814,24): error TS1005: ';' expected.
lib/translations.ts(815,23): error TS1005: ';' expected.
lib/translations.ts(816,30): error TS1005: ';' expected.
lib/translations.ts(817,29): error TS1005: ';' expected.
lib/translations.ts(818,32): error TS1005: ';' expected.
lib/translations.ts(819,31): error TS1005: ';' expected.
lib/translations.ts(820,26): error TS1005: ';' expected.
lib/translations.ts(821,25): error TS1005: ';' expected.
lib/translations.ts(822,29): error TS1005: ';' expected.
lib/translations.ts(823,28): error TS1005: ';' expected.
lib/translations.ts(824,29): error TS1005: ';' expected.
lib/translations.ts(825,28): error TS1005: ';' expected.
lib/translations.ts(826,29): error TS1005: ';' expected.
lib/translations.ts(827,28): error TS1005: ';' expected.
lib/translations.ts(828,31): error TS1005: ';' expected.
lib/translations.ts(829,30): error TS1005: ';' expected.
lib/translations.ts(830,24): error TS1005: ';' expected.
lib/translations.ts(831,23): error TS1005: ';' expected.
lib/translations.ts(832,31): error TS1005: ';' expected.
lib/translations.ts(833,30): error TS1005: ';' expected.
lib/translations.ts(834,30): error TS1005: ';' expected.
lib/translations.ts(835,29): error TS1005: ';' expected.
lib/translations.ts(836,29): error TS1005: ';' expected.
lib/translations.ts(837,28): error TS1005: ';' expected.
lib/translations.ts(838,25): error TS1005: ';' expected.
lib/translations.ts(839,24): error TS1005: ';' expected.
lib/translations.ts(840,17): error TS1109: Expression expected.
lib/translations.ts(840,20): error TS1005: '(' expected.
lib/translations.ts(840,33): error TS1005: ';' expected.
lib/translations.ts(841,17): error TS1109: Expression expected.
lib/translations.ts(841,20): error TS1005: '(' expected.
lib/translations.ts(841,32): error TS1005: ';' expected.
lib/translations.ts(842,28): error TS1005: ';' expected.
lib/translations.ts(843,27): error TS1005: ';' expected.
lib/translations.ts(844,20): error TS1005: ';' expected.
lib/translations.ts(845,19): error TS1005: ';' expected.
lib/translations.ts(846,27): error TS1005: ';' expected.
lib/translations.ts(847,26): error TS1005: ';' expected.
lib/translations.ts(848,28): error TS1005: ';' expected.
lib/translations.ts(849,27): error TS1005: ';' expected.
lib/translations.ts(850,32): error TS1005: ';' expected.
lib/translations.ts(851,31): error TS1005: ';' expected.
lib/translations.ts(852,21): error TS1005: ';' expected.
lib/translations.ts(853,20): error TS1005: ';' expected.
lib/translations.ts(854,30): error TS1005: ';' expected.
lib/translations.ts(855,29): error TS1005: ';' expected.
lib/translations.ts(856,29): error TS1005: ';' expected.
lib/translations.ts(857,28): error TS1005: ';' expected.
lib/translations.ts(858,25): error TS1005: ';' expected.
lib/translations.ts(859,24): error TS1005: ';' expected.
lib/translations.ts(860,31): error TS1005: ';' expected.
lib/translations.ts(861,30): error TS1005: ';' expected.
lib/translations.ts(862,31): error TS1005: ';' expected.
lib/translations.ts(863,30): error TS1005: ';' expected.
lib/translations.ts(864,30): error TS1005: ';' expected.
lib/translations.ts(865,29): error TS1005: ';' expected.
lib/translations.ts(866,22): error TS1005: ';' expected.
lib/translations.ts(867,21): error TS1005: ';' expected.
lib/translations.ts(868,30): error TS1005: ';' expected.
lib/translations.ts(869,29): error TS1005: ';' expected.
lib/translations.ts(870,5): error TS1128: Declaration or statement expected.
lib/translations.ts(872,30): error TS1005: ';' expected.
lib/translations.ts(872,48): error TS1109: Expression expected.
lib/translations.ts(872,69): error TS1005: ';' expected.
lib/translations.ts(873,18): error TS1005: ';' expected.
lib/translations.ts(873,47): error TS1005: ';' expected.
lib/translations.ts(873,76): error TS1005: ';' expected.
lib/translations.ts(874,14): error TS1005: ';' expected.
lib/translations.ts(874,39): error TS1005: ';' expected.
lib/translations.ts(874,61): error TS1005: ';' expected.
lib/translations.ts(875,12): error TS1005: ';' expected.
lib/translations.ts(875,35): error TS1005: ';' expected.
lib/translations.ts(875,59): error TS1005: ';' expected.
lib/translations.ts(876,13): error TS1005: ';' expected.
lib/translations.ts(876,44): error TS1005: ';' expected.
lib/translations.ts(876,88): error TS1005: ';' expected.
lib/translations.ts(877,17): error TS1005: ';' expected.
lib/translations.ts(877,45): error TS1005: ';' expected.
lib/translations.ts(877,68): error TS1005: ';' expected.
lib/translations.ts(877,90): error TS1005: ';' expected.
lib/translations.ts(878,10): error TS1005: ';' expected.
lib/translations.ts(878,34): error TS1005: ';' expected.
lib/translations.ts(878,62): error TS1005: ';' expected.
lib/translations.ts(878,106): error TS1005: ';' expected.
lib/translations.ts(879,11): error TS1005: ';' expected.
lib/translations.ts(879,32): error TS1005: ';' expected.
lib/translations.ts(879,52): error TS1005: ';' expected.
lib/translations.ts(879,69): error TS1005: ';' expected.
lib/translations.ts(879,86): error TS1005: ';' expected.
lib/translations.ts(880,12): error TS1005: ';' expected.
lib/translations.ts(880,32): error TS1005: ';' expected.
lib/translations.ts(880,46): error TS1005: ';' expected.
lib/translations.ts(880,61): error TS1005: ';' expected.
lib/translations.ts(880,84): error TS1005: ';' expected.
lib/translations.ts(881,15): error TS1005: ';' expected.
lib/translations.ts(881,37): error TS1005: ';' expected.
lib/translations.ts(881,57): error TS1005: ';' expected.
lib/translations.ts(881,80): error TS1005: ';' expected.
lib/translations.ts(882,16): error TS1005: ';' expected.
lib/translations.ts(882,45): error TS1005: ';' expected.
lib/translations.ts(882,60): error TS1005: ';' expected.
lib/translations.ts(882,76): error TS1005: ';' expected.
lib/translations.ts(883,32): error TS1005: ';' expected.
lib/translations.ts(884,31): error TS1005: ';' expected.
lib/translations.ts(885,29): error TS1005: ';' expected.
lib/translations.ts(886,28): error TS1005: ';' expected.
lib/translations.ts(887,29): error TS1005: ';' expected.
lib/translations.ts(888,28): error TS1005: ';' expected.
lib/translations.ts(889,34): error TS1005: ';' expected.
lib/translations.ts(890,33): error TS1005: ';' expected.
lib/translations.ts(891,29): error TS1005: ';' expected.
lib/translations.ts(892,28): error TS1005: ';' expected.
lib/translations.ts(893,31): error TS1005: ';' expected.
lib/translations.ts(894,30): error TS1005: ';' expected.
lib/translations.ts(895,27): error TS6188: Numeric separators are not allowed here.
lib/translations.ts(895,28): error TS1351: An identifier or keyword cannot immediately follow a numeric literal.
lib/translations.ts(896,27): error TS6188: Numeric separators are not allowed here.
lib/translations.ts(896,28): error TS1351: An identifier or keyword cannot immediately follow a numeric literal.
lib/translations.ts(897,29): error TS1005: ';' expected.
lib/translations.ts(898,28): error TS1005: ';' expected.
lib/translations.ts(899,21): error TS6188: Numeric separators are not allowed here.
lib/translations.ts(899,22): error TS1351: An identifier or keyword cannot immediately follow a numeric literal.
lib/translations.ts(900,21): error TS6188: Numeric separators are not allowed here.
lib/translations.ts(900,22): error TS1351: An identifier or keyword cannot immediately follow a numeric literal.
lib/translations.ts(901,26): error TS6188: Numeric separators are not allowed here.
lib/translations.ts(901,27): error TS1351: An identifier or keyword cannot immediately follow a numeric literal.
lib/translations.ts(902,26): error TS6188: Numeric separators are not allowed here.
lib/translations.ts(902,27): error TS1351: An identifier or keyword cannot immediately follow a numeric literal.
lib/translations.ts(903,28): error TS1005: ';' expected.
lib/translations.ts(904,27): error TS1005: ';' expected.
lib/translations.ts(905,37): error TS1005: ';' expected.
lib/translations.ts(906,36): error TS1005: ';' expected.
lib/translations.ts(907,38): error TS1005: ';' expected.
lib/translations.ts(908,37): error TS1005: ';' expected.
lib/translations.ts(909,28): error TS1005: ';' expected.
lib/translations.ts(910,27): error TS1005: ';' expected.
lib/translations.ts(911,33): error TS1005: ';' expected.
lib/translations.ts(912,32): error TS1005: ';' expected.
lib/translations.ts(913,31): error TS1005: ';' expected.
lib/translations.ts(914,30): error TS1005: ';' expected.
lib/translations.ts(915,21): error TS1351: An identifier or keyword cannot immediately follow a numeric literal.
lib/translations.ts(916,21): error TS1351: An identifier or keyword cannot immediately follow a numeric literal.
lib/translations.ts(917,27): error TS1005: ';' expected.
lib/translations.ts(918,26): error TS1005: ';' expected.
lib/translations.ts(919,26): error TS6188: Numeric separators are not allowed here.
lib/translations.ts(919,27): error TS1351: An identifier or keyword cannot immediately follow a numeric literal.
lib/translations.ts(920,26): error TS6188: Numeric separators are not allowed here.
lib/translations.ts(920,27): error TS1351: An identifier or keyword cannot immediately follow a numeric literal.
lib/translations.ts(921,25): error TS1005: ';' expected.
lib/translations.ts(922,24): error TS1005: ';' expected.
lib/translations.ts(923,32): error TS1005: ';' expected.
lib/translations.ts(924,31): error TS1005: ';' expected.
lib/translations.ts(925,27): error TS1005: ';' expected.
lib/translations.ts(926,26): error TS1005: ';' expected.
lib/translations.ts(927,23): error TS1005: ';' expected.
lib/translations.ts(928,22): error TS1005: ';' expected.
lib/translations.ts(929,34): error TS1005: ';' expected.
lib/translations.ts(930,33): error TS1005: ';' expected.
lib/translations.ts(931,29): error TS1005: ';' expected.
lib/translations.ts(932,28): error TS1005: ';' expected.
lib/translations.ts(933,30): error TS1005: ';' expected.
lib/translations.ts(934,29): error TS1005: ';' expected.
lib/translations.ts(935,32): error TS1005: ';' expected.
lib/translations.ts(936,31): error TS1005: ';' expected.
lib/translations.ts(937,27): error TS1005: ';' expected.
lib/translations.ts(938,26): error TS1005: ';' expected.
lib/translations.ts(939,29): error TS1005: ';' expected.
lib/translations.ts(940,28): error TS1005: ';' expected.
lib/translations.ts(941,22): error TS1005: ';' expected.
lib/translations.ts(942,21): error TS1005: ';' expected.
lib/translations.ts(943,28): error TS1005: ';' expected.
lib/translations.ts(944,27): error TS1005: ';' expected.
lib/translations.ts(945,28): error TS1005: ';' expected.
lib/translations.ts(946,27): error TS1005: ';' expected.
lib/translations.ts(947,31): error TS1005: ';' expected.
lib/translations.ts(948,30): error TS1005: ';' expected.
lib/translations.ts(949,22): error TS1351: An identifier or keyword cannot immediately follow a numeric literal.
lib/translations.ts(950,22): error TS1351: An identifier or keyword cannot immediately follow a numeric literal.
lib/translations.ts(951,24): error TS1005: ';' expected.
lib/translations.ts(952,23): error TS1005: ';' expected.
lib/translations.ts(953,30): error TS1005: ';' expected.
lib/translations.ts(954,29): error TS1005: ';' expected.
lib/translations.ts(955,32): error TS1005: ';' expected.
lib/translations.ts(956,31): error TS1005: ';' expected.
lib/translations.ts(957,26): error TS1005: ';' expected.
lib/translations.ts(958,25): error TS1005: ';' expected.
lib/translations.ts(959,29): error TS1005: ';' expected.
lib/translations.ts(960,28): error TS1005: ';' expected.
lib/translations.ts(961,29): error TS1005: ';' expected.
lib/translations.ts(962,28): error TS1005: ';' expected.
lib/translations.ts(963,29): error TS1005: ';' expected.
lib/translations.ts(964,28): error TS1005: ';' expected.
lib/translations.ts(965,31): error TS1005: ';' expected.
lib/translations.ts(966,30): error TS1005: ';' expected.
lib/translations.ts(967,24): error TS1005: ';' expected.
lib/translations.ts(968,23): error TS1005: ';' expected.
lib/translations.ts(969,31): error TS1005: ';' expected.
lib/translations.ts(970,30): error TS1005: ';' expected.
lib/translations.ts(971,30): error TS1005: ';' expected.
lib/translations.ts(972,29): error TS1005: ';' expected.
lib/translations.ts(973,29): error TS1005: ';' expected.
lib/translations.ts(974,28): error TS1005: ';' expected.
lib/translations.ts(975,25): error TS1005: ';' expected.
lib/translations.ts(976,24): error TS1005: ';' expected.
lib/translations.ts(977,17): error TS1109: Expression expected.
lib/translations.ts(977,20): error TS1005: '(' expected.
lib/translations.ts(977,33): error TS1005: ';' expected.
lib/translations.ts(978,17): error TS1109: Expression expected.
lib/translations.ts(978,20): error TS1005: '(' expected.
lib/translations.ts(978,32): error TS1005: ';' expected.
lib/translations.ts(979,28): error TS1005: ';' expected.
lib/translations.ts(980,27): error TS1005: ';' expected.
lib/translations.ts(981,20): error TS1005: ';' expected.
lib/translations.ts(982,19): error TS1005: ';' expected.
lib/translations.ts(983,27): error TS1005: ';' expected.
lib/translations.ts(984,26): error TS1005: ';' expected.
lib/translations.ts(985,28): error TS1005: ';' expected.
lib/translations.ts(986,27): error TS1005: ';' expected.
lib/translations.ts(987,32): error TS1005: ';' expected.
lib/translations.ts(988,31): error TS1005: ';' expected.
lib/translations.ts(989,21): error TS1005: ';' expected.
lib/translations.ts(990,20): error TS1005: ';' expected.
lib/translations.ts(991,30): error TS1005: ';' expected.
lib/translations.ts(992,29): error TS1005: ';' expected.
lib/translations.ts(993,29): error TS1005: ';' expected.
lib/translations.ts(994,28): error TS1005: ';' expected.
lib/translations.ts(995,25): error TS1005: ';' expected.
lib/translations.ts(996,24): error TS1005: ';' expected.
lib/translations.ts(997,31): error TS1005: ';' expected.
lib/translations.ts(998,30): error TS1005: ';' expected.
lib/translations.ts(999,31): error TS1005: ';' expected.
lib/translations.ts(1000,30): error TS1005: ';' expected.
lib/translations.ts(1001,30): error TS1005: ';' expected.
lib/translations.ts(1002,29): error TS1005: ';' expected.
lib/translations.ts(1003,22): error TS1005: ';' expected.
lib/translations.ts(1004,21): error TS1005: ';' expected.
lib/translations.ts(1005,30): error TS1005: ';' expected.
lib/translations.ts(1006,29): error TS1005: ';' expected.
lib/translations.ts(1007,5): error TS1128: Declaration or statement expected.
lib/translations.ts(1009,33): error TS1005: ';' expected.
lib/translations.ts(1009,50): error TS1109: Expression expected.
lib/translations.ts(1009,66): error TS1005: ';' expected.
lib/translations.ts(1010,18): error TS1005: ';' expected.
lib/translations.ts(1010,47): error TS1005: ';' expected.
lib/translations.ts(1010,76): error TS1005: ';' expected.
lib/translations.ts(1011,14): error TS1005: ';' expected.
lib/translations.ts(1011,38): error TS1005: ';' expected.
lib/translations.ts(1011,59): error TS1005: ';' expected.
lib/translations.ts(1012,12): error TS1005: ';' expected.
lib/translations.ts(1012,36): error TS1005: ';' expected.
lib/translations.ts(1012,56): error TS1005: ';' expected.
lib/translations.ts(1013,13): error TS1005: ';' expected.
lib/translations.ts(1013,38): error TS1005: ';' expected.
lib/translations.ts(1013,75): error TS1005: ';' expected.
lib/translations.ts(1014,17): error TS1005: ';' expected.
lib/translations.ts(1014,44): error TS1005: ';' expected.
lib/translations.ts(1014,65): error TS1005: ';' expected.
lib/translations.ts(1014,89): error TS1005: ';' expected.
lib/translations.ts(1015,10): error TS1005: ';' expected.
lib/translations.ts(1015,30): error TS1005: ';' expected.
lib/translations.ts(1015,55): error TS1005: ';' expected.
lib/translations.ts(1015,90): error TS1005: ';' expected.
lib/translations.ts(1016,11): error TS1005: ';' expected.
lib/translations.ts(1016,32): error TS1005: ';' expected.
lib/translations.ts(1016,53): error TS1005: ';' expected.
lib/translations.ts(1016,70): error TS1005: ';' expected.
lib/translations.ts(1016,91): error TS1005: ';' expected.
lib/translations.ts(1017,12): error TS1005: ';' expected.
lib/translations.ts(1017,32): error TS1005: ';' expected.
lib/translations.ts(1017,46): error TS1005: ';' expected.
lib/translations.ts(1017,61): error TS1005: ';' expected.
lib/translations.ts(1017,81): error TS1005: ';' expected.
lib/translations.ts(1018,15): error TS1005: ';' expected.
lib/translations.ts(1018,37): error TS1005: ';' expected.
lib/translations.ts(1018,56): error TS1005: ';' expected.
lib/translations.ts(1018,79): error TS1005: ';' expected.
lib/translations.ts(1019,16): error TS1005: ';' expected.
lib/translations.ts(1019,45): error TS1005: ';' expected.
lib/translations.ts(1019,69): error TS1005: ';' expected.
lib/translations.ts(1019,85): error TS1005: ';' expected.
lib/translations.ts(1020,32): error TS1005: ';' expected.
lib/translations.ts(1021,31): error TS1005: ';' expected.
lib/translations.ts(1022,29): error TS1005: ';' expected.
lib/translations.ts(1023,28): error TS1005: ';' expected.
lib/translations.ts(1024,29): error TS1005: ';' expected.
lib/translations.ts(1025,28): error TS1005: ';' expected.
lib/translations.ts(1026,34): error TS1005: ';' expected.
lib/translations.ts(1027,33): error TS1005: ';' expected.
lib/translations.ts(1028,29): error TS1005: ';' expected.
lib/translations.ts(1029,28): error TS1005: ';' expected.
lib/translations.ts(1030,31): error TS1005: ';' expected.
lib/translations.ts(1031,30): error TS1005: ';' expected.
lib/translations.ts(1032,27): error TS6188: Numeric separators are not allowed here.
lib/translations.ts(1032,28): error TS1351: An identifier or keyword cannot immediately follow a numeric literal.
lib/translations.ts(1033,27): error TS6188: Numeric separators are not allowed here.
lib/translations.ts(1033,28): error TS1351: An identifier or keyword cannot immediately follow a numeric literal.
lib/translations.ts(1034,29): error TS1005: ';' expected.
lib/translations.ts(1035,28): error TS1005: ';' expected.
lib/translations.ts(1036,21): error TS6188: Numeric separators are not allowed here.
lib/translations.ts(1036,22): error TS1351: An identifier or keyword cannot immediately follow a numeric literal.
lib/translations.ts(1037,21): error TS6188: Numeric separators are not allowed here.
lib/translations.ts(1037,22): error TS1351: An identifier or keyword cannot immediately follow a numeric literal.
lib/translations.ts(1038,26): error TS6188: Numeric separators are not allowed here.
lib/translations.ts(1038,27): error TS1351: An identifier or keyword cannot immediately follow a numeric literal.
lib/translations.ts(1039,26): error TS6188: Numeric separators are not allowed here.
lib/translations.ts(1039,27): error TS1351: An identifier or keyword cannot immediately follow a numeric literal.
lib/translations.ts(1040,28): error TS1005: ';' expected.
lib/translations.ts(1041,27): error TS1005: ';' expected.
lib/translations.ts(1042,37): error TS1005: ';' expected.
lib/translations.ts(1043,36): error TS1005: ';' expected.
lib/translations.ts(1044,38): error TS1005: ';' expected.
lib/translations.ts(1045,37): error TS1005: ';' expected.
lib/translations.ts(1046,28): error TS1005: ';' expected.
lib/translations.ts(1047,27): error TS1005: ';' expected.
lib/translations.ts(1048,33): error TS1005: ';' expected.
lib/translations.ts(1049,32): error TS1005: ';' expected.
lib/translations.ts(1050,31): error TS1005: ';' expected.
lib/translations.ts(1051,30): error TS1005: ';' expected.
lib/translations.ts(1052,21): error TS1351: An identifier or keyword cannot immediately follow a numeric literal.
lib/translations.ts(1053,21): error TS1351: An identifier or keyword cannot immediately follow a numeric literal.
lib/translations.ts(1054,27): error TS1005: ';' expected.
lib/translations.ts(1055,26): error TS1005: ';' expected.
lib/translations.ts(1056,26): error TS6188: Numeric separators are not allowed here.
lib/translations.ts(1056,27): error TS1351: An identifier or keyword cannot immediately follow a numeric literal.
lib/translations.ts(1057,26): error TS6188: Numeric separators are not allowed here.
lib/translations.ts(1057,27): error TS1351: An identifier or keyword cannot immediately follow a numeric literal.
lib/translations.ts(1058,25): error TS1005: ';' expected.
lib/translations.ts(1059,24): error TS1005: ';' expected.
lib/translations.ts(1060,32): error TS1005: ';' expected.
lib/translations.ts(1061,31): error TS1005: ';' expected.
lib/translations.ts(1062,27): error TS1005: ';' expected.
lib/translations.ts(1063,26): error TS1005: ';' expected.
lib/translations.ts(1064,23): error TS1005: ';' expected.
lib/translations.ts(1065,22): error TS1005: ';' expected.
lib/translations.ts(1066,34): error TS1005: ';' expected.
lib/translations.ts(1067,33): error TS1005: ';' expected.
lib/translations.ts(1068,29): error TS1005: ';' expected.
lib/translations.ts(1069,28): error TS1005: ';' expected.
lib/translations.ts(1070,30): error TS1005: ';' expected.
lib/translations.ts(1071,29): error TS1005: ';' expected.
lib/translations.ts(1072,32): error TS1005: ';' expected.
lib/translations.ts(1073,31): error TS1005: ';' expected.
lib/translations.ts(1074,27): error TS1005: ';' expected.
lib/translations.ts(1075,26): error TS1005: ';' expected.
lib/translations.ts(1076,29): error TS1005: ';' expected.
lib/translations.ts(1077,28): error TS1005: ';' expected.
lib/translations.ts(1078,22): error TS1005: ';' expected.
lib/translations.ts(1079,21): error TS1005: ';' expected.
lib/translations.ts(1080,28): error TS1005: ';' expected.
lib/translations.ts(1081,27): error TS1005: ';' expected.
lib/translations.ts(1082,28): error TS1005: ';' expected.
lib/translations.ts(1083,27): error TS1005: ';' expected.
lib/translations.ts(1084,31): error TS1005: ';' expected.
lib/translations.ts(1085,30): error TS1005: ';' expected.
lib/translations.ts(1086,22): error TS1351: An identifier or keyword cannot immediately follow a numeric literal.
lib/translations.ts(1087,22): error TS1351: An identifier or keyword cannot immediately follow a numeric literal.
lib/translations.ts(1088,24): error TS1005: ';' expected.
lib/translations.ts(1089,23): error TS1005: ';' expected.
lib/translations.ts(1090,30): error TS1005: ';' expected.
lib/translations.ts(1091,29): error TS1005: ';' expected.
lib/translations.ts(1092,32): error TS1005: ';' expected.
lib/translations.ts(1093,31): error TS1005: ';' expected.
lib/translations.ts(1094,26): error TS1005: ';' expected.
lib/translations.ts(1095,25): error TS1005: ';' expected.
lib/translations.ts(1096,29): error TS1005: ';' expected.
lib/translations.ts(1097,28): error TS1005: ';' expected.
lib/translations.ts(1098,29): error TS1005: ';' expected.
lib/translations.ts(1099,28): error TS1005: ';' expected.
lib/translations.ts(1100,29): error TS1005: ';' expected.
lib/translations.ts(1101,28): error TS1005: ';' expected.
lib/translations.ts(1102,31): error TS1005: ';' expected.
lib/translations.ts(1103,30): error TS1005: ';' expected.
lib/translations.ts(1104,24): error TS1005: ';' expected.
lib/translations.ts(1105,23): error TS1005: ';' expected.
lib/translations.ts(1106,31): error TS1005: ';' expected.
lib/translations.ts(1107,30): error TS1005: ';' expected.
lib/translations.ts(1108,30): error TS1005: ';' expected.
lib/translations.ts(1109,29): error TS1005: ';' expected.
lib/translations.ts(1110,29): error TS1005: ';' expected.
lib/translations.ts(1111,28): error TS1005: ';' expected.
lib/translations.ts(1112,25): error TS1005: ';' expected.
lib/translations.ts(1113,24): error TS1005: ';' expected.
lib/translations.ts(1114,17): error TS1109: Expression expected.
lib/translations.ts(1114,20): error TS1005: '(' expected.
lib/translations.ts(1114,33): error TS1005: ';' expected.
lib/translations.ts(1115,17): error TS1109: Expression expected.
lib/translations.ts(1115,20): error TS1005: '(' expected.
lib/translations.ts(1115,32): error TS1005: ';' expected.
lib/translations.ts(1116,28): error TS1005: ';' expected.
lib/translations.ts(1117,27): error TS1005: ';' expected.
lib/translations.ts(1118,20): error TS1005: ';' expected.
lib/translations.ts(1119,19): error TS1005: ';' expected.
lib/translations.ts(1120,27): error TS1005: ';' expected.
lib/translations.ts(1121,26): error TS1005: ';' expected.
lib/translations.ts(1122,28): error TS1005: ';' expected.
lib/translations.ts(1123,27): error TS1005: ';' expected.
lib/translations.ts(1124,32): error TS1005: ';' expected.
lib/translations.ts(1125,31): error TS1005: ';' expected.
lib/translations.ts(1126,21): error TS1005: ';' expected.
lib/translations.ts(1127,20): error TS1005: ';' expected.
lib/translations.ts(1128,30): error TS1005: ';' expected.
lib/translations.ts(1129,29): error TS1005: ';' expected.
lib/translations.ts(1130,29): error TS1005: ';' expected.
lib/translations.ts(1131,28): error TS1005: ';' expected.
lib/translations.ts(1132,25): error TS1005: ';' expected.
lib/translations.ts(1133,24): error TS1005: ';' expected.
lib/translations.ts(1134,31): error TS1005: ';' expected.
lib/translations.ts(1135,30): error TS1005: ';' expected.
lib/translations.ts(1136,31): error TS1005: ';' expected.
lib/translations.ts(1137,30): error TS1005: ';' expected.
lib/translations.ts(1138,30): error TS1005: ';' expected.
lib/translations.ts(1139,29): error TS1005: ';' expected.
lib/translations.ts(1140,22): error TS1005: ';' expected.
lib/translations.ts(1141,21): error TS1005: ';' expected.
lib/translations.ts(1142,30): error TS1005: ';' expected.
lib/translations.ts(1143,29): error TS1005: ';' expected.
lib/translations.ts(1144,5): error TS1128: Declaration or statement expected.
lib/translations.ts(1146,30): error TS1005: ';' expected.
lib/translations.ts(1146,47): error TS1109: Expression expected.
lib/translations.ts(1146,64): error TS1005: ';' expected.
lib/translations.ts(1147,18): error TS1005: ';' expected.
lib/translations.ts(1147,44): error TS1005: ';' expected.
lib/translations.ts(1147,81): error TS1005: ';' expected.
lib/translations.ts(1148,14): error TS1005: ';' expected.
lib/translations.ts(1148,38): error TS1005: ';' expected.
lib/translations.ts(1148,58): error TS1005: ';' expected.
lib/translations.ts(1149,12): error TS1005: ';' expected.
lib/translations.ts(1149,36): error TS1005: ';' expected.
lib/translations.ts(1149,54): error TS1005: ';' expected.
lib/translations.ts(1150,13): error TS1005: ';' expected.
lib/translations.ts(1150,37): error TS1005: ';' expected.
lib/translations.ts(1150,71): error TS1005: ';' expected.
lib/translations.ts(1151,17): error TS1005: ';' expected.
lib/translations.ts(1151,45): error TS1005: ';' expected.
lib/translations.ts(1151,65): error TS1005: ';' expected.
lib/translations.ts(1151,89): error TS1005: ';' expected.
lib/translations.ts(1152,10): error TS1005: ';' expected.
lib/translations.ts(1152,33): error TS1005: ';' expected.
lib/translations.ts(1152,63): error TS1005: ';' expected.
lib/translations.ts(1152,99): error TS1005: ';' expected.
lib/translations.ts(1153,11): error TS1005: ';' expected.
lib/translations.ts(1153,31): error TS1005: ';' expected.
lib/translations.ts(1153,50): error TS1005: ';' expected.
lib/translations.ts(1153,67): error TS1005: ';' expected.
lib/translations.ts(1153,86): error TS1005: ';' expected.
lib/translations.ts(1154,12): error TS1005: ';' expected.
lib/translations.ts(1154,32): error TS1005: ';' expected.
lib/translations.ts(1154,48): error TS1005: ';' expected.
lib/translations.ts(1154,63): error TS1005: ';' expected.
lib/translations.ts(1154,88): error TS1005: ';' expected.
lib/translations.ts(1155,15): error TS1005: ';' expected.
lib/translations.ts(1155,37): error TS1005: ';' expected.
lib/translations.ts(1155,56): error TS1005: ';' expected.
lib/translations.ts(1155,79): error TS1005: ';' expected.
lib/translations.ts(1156,16): error TS1005: ';' expected.
lib/translations.ts(1156,45): error TS1005: ';' expected.
lib/translations.ts(1156,64): error TS1005: ';' expected.
lib/translations.ts(1156,80): error TS1005: ';' expected.
lib/translations.ts(1157,32): error TS1005: ';' expected.
lib/translations.ts(1158,31): error TS1005: ';' expected.
lib/translations.ts(1159,29): error TS1005: ';' expected.
lib/translations.ts(1160,28): error TS1005: ';' expected.
lib/translations.ts(1161,29): error TS1005: ';' expected.
lib/translations.ts(1162,28): error TS1005: ';' expected.
lib/translations.ts(1163,34): error TS1005: ';' expected.
lib/translations.ts(1164,33): error TS1005: ';' expected.
lib/translations.ts(1165,29): error TS1005: ';' expected.
lib/translations.ts(1166,28): error TS1005: ';' expected.
lib/translations.ts(1167,31): error TS1005: ';' expected.
lib/translations.ts(1168,30): error TS1005: ';' expected.
lib/translations.ts(1169,27): error TS6188: Numeric separators are not allowed here.
lib/translations.ts(1169,28): error TS1351: An identifier or keyword cannot immediately follow a numeric literal.
lib/translations.ts(1170,27): error TS6188: Numeric separators are not allowed here.
lib/translations.ts(1170,28): error TS1351: An identifier or keyword cannot immediately follow a numeric literal.
lib/translations.ts(1171,29): error TS1005: ';' expected.
lib/translations.ts(1172,28): error TS1005: ';' expected.
lib/translations.ts(1173,21): error TS6188: Numeric separators are not allowed here.
lib/translations.ts(1173,22): error TS1351: An identifier or keyword cannot immediately follow a numeric literal.
lib/translations.ts(1174,21): error TS6188: Numeric separators are not allowed here.
lib/translations.ts(1174,22): error TS1351: An identifier or keyword cannot immediately follow a numeric literal.
lib/translations.ts(1175,26): error TS6188: Numeric separators are not allowed here.
lib/translations.ts(1175,27): error TS1351: An identifier or keyword cannot immediately follow a numeric literal.
lib/translations.ts(1176,26): error TS6188: Numeric separators are not allowed here.
lib/translations.ts(1176,27): error TS1351: An identifier or keyword cannot immediately follow a numeric literal.
lib/translations.ts(1177,28): error TS1005: ';' expected.
lib/translations.ts(1178,27): error TS1005: ';' expected.
lib/translations.ts(1179,37): error TS1005: ';' expected.
lib/translations.ts(1180,36): error TS1005: ';' expected.
lib/translations.ts(1181,38): error TS1005: ';' expected.
lib/translations.ts(1182,37): error TS1005: ';' expected.
lib/translations.ts(1183,28): error TS1005: ';' expected.
lib/translations.ts(1184,27): error TS1005: ';' expected.
lib/translations.ts(1185,33): error TS1005: ';' expected.
lib/translations.ts(1186,32): error TS1005: ';' expected.
lib/translations.ts(1187,31): error TS1005: ';' expected.
lib/translations.ts(1188,30): error TS1005: ';' expected.
lib/translations.ts(1189,21): error TS1351: An identifier or keyword cannot immediately follow a numeric literal.
lib/translations.ts(1190,21): error TS1351: An identifier or keyword cannot immediately follow a numeric literal.
lib/translations.ts(1191,27): error TS1005: ';' expected.
lib/translations.ts(1192,26): error TS1005: ';' expected.
lib/translations.ts(1193,26): error TS6188: Numeric separators are not allowed here.
lib/translations.ts(1193,27): error TS1351: An identifier or keyword cannot immediately follow a numeric literal.
lib/translations.ts(1194,26): error TS6188: Numeric separators are not allowed here.
lib/translations.ts(1194,27): error TS1351: An identifier or keyword cannot immediately follow a numeric literal.
lib/translations.ts(1195,25): error TS1005: ';' expected.
lib/translations.ts(1196,24): error TS1005: ';' expected.
lib/translations.ts(1197,32): error TS1005: ';' expected.
lib/translations.ts(1198,31): error TS1005: ';' expected.
lib/translations.ts(1199,27): error TS1005: ';' expected.
lib/translations.ts(1200,26): error TS1005: ';' expected.
lib/translations.ts(1201,23): error TS1005: ';' expected.
lib/translations.ts(1202,22): error TS1005: ';' expected.
lib/translations.ts(1203,34): error TS1005: ';' expected.
lib/translations.ts(1204,33): error TS1005: ';' expected.
lib/translations.ts(1205,29): error TS1005: ';' expected.
lib/translations.ts(1206,28): error TS1005: ';' expected.
lib/translations.ts(1207,30): error TS1005: ';' expected.
lib/translations.ts(1208,29): error TS1005: ';' expected.
lib/translations.ts(1209,32): error TS1005: ';' expected.
lib/translations.ts(1210,31): error TS1005: ';' expected.
lib/translations.ts(1211,27): error TS1005: ';' expected.
lib/translations.ts(1212,26): error TS1005: ';' expected.
lib/translations.ts(1213,29): error TS1005: ';' expected.
lib/translations.ts(1214,28): error TS1005: ';' expected.
lib/translations.ts(1215,22): error TS1005: ';' expected.
lib/translations.ts(1216,21): error TS1005: ';' expected.
lib/translations.ts(1217,28): error TS1005: ';' expected.
lib/translations.ts(1218,27): error TS1005: ';' expected.
lib/translations.ts(1219,28): error TS1005: ';' expected.
lib/translations.ts(1220,27): error TS1005: ';' expected.
lib/translations.ts(1221,31): error TS1005: ';' expected.
lib/translations.ts(1222,30): error TS1005: ';' expected.
lib/translations.ts(1223,22): error TS1351: An identifier or keyword cannot immediately follow a numeric literal.
lib/translations.ts(1224,22): error TS1351: An identifier or keyword cannot immediately follow a numeric literal.
lib/translations.ts(1225,24): error TS1005: ';' expected.
lib/translations.ts(1226,23): error TS1005: ';' expected.
lib/translations.ts(1227,30): error TS1005: ';' expected.
lib/translations.ts(1228,29): error TS1005: ';' expected.
lib/translations.ts(1229,32): error TS1005: ';' expected.
lib/translations.ts(1230,31): error TS1005: ';' expected.
lib/translations.ts(1231,26): error TS1005: ';' expected.
lib/translations.ts(1232,25): error TS1005: ';' expected.
lib/translations.ts(1233,29): error TS1005: ';' expected.
lib/translations.ts(1234,28): error TS1005: ';' expected.
lib/translations.ts(1235,29): error TS1005: ';' expected.
lib/translations.ts(1236,28): error TS1005: ';' expected.
lib/translations.ts(1237,29): error TS1005: ';' expected.
lib/translations.ts(1238,28): error TS1005: ';' expected.
lib/translations.ts(1239,31): error TS1005: ';' expected.
lib/translations.ts(1240,30): error TS1005: ';' expected.
lib/translations.ts(1241,24): error TS1005: ';' expected.
lib/translations.ts(1242,23): error TS1005: ';' expected.
lib/translations.ts(1243,31): error TS1005: ';' expected.
lib/translations.ts(1244,30): error TS1005: ';' expected.
lib/translations.ts(1245,30): error TS1005: ';' expected.
lib/translations.ts(1246,29): error TS1005: ';' expected.
lib/translations.ts(1247,29): error TS1005: ';' expected.
lib/translations.ts(1248,28): error TS1005: ';' expected.
lib/translations.ts(1249,25): error TS1005: ';' expected.
lib/translations.ts(1250,24): error TS1005: ';' expected.
lib/translations.ts(1251,17): error TS1109: Expression expected.
lib/translations.ts(1251,20): error TS1005: '(' expected.
lib/translations.ts(1251,33): error TS1005: ';' expected.
lib/translations.ts(1252,17): error TS1109: Expression expected.
lib/translations.ts(1252,20): error TS1005: '(' expected.
lib/translations.ts(1252,32): error TS1005: ';' expected.
lib/translations.ts(1253,28): error TS1005: ';' expected.
lib/translations.ts(1254,27): error TS1005: ';' expected.
lib/translations.ts(1255,20): error TS1005: ';' expected.
lib/translations.ts(1256,19): error TS1005: ';' expected.
lib/translations.ts(1257,27): error TS1005: ';' expected.
lib/translations.ts(1258,26): error TS1005: ';' expected.
lib/translations.ts(1259,28): error TS1005: ';' expected.
lib/translations.ts(1260,27): error TS1005: ';' expected.
lib/translations.ts(1261,32): error TS1005: ';' expected.
lib/translations.ts(1262,31): error TS1005: ';' expected.
lib/translations.ts(1263,21): error TS1005: ';' expected.
lib/translations.ts(1264,20): error TS1005: ';' expected.
lib/translations.ts(1265,30): error TS1005: ';' expected.
lib/translations.ts(1266,29): error TS1005: ';' expected.
lib/translations.ts(1267,29): error TS1005: ';' expected.
lib/translations.ts(1268,28): error TS1005: ';' expected.
lib/translations.ts(1269,25): error TS1005: ';' expected.
lib/translations.ts(1270,24): error TS1005: ';' expected.
lib/translations.ts(1271,31): error TS1005: ';' expected.
lib/translations.ts(1272,30): error TS1005: ';' expected.
lib/translations.ts(1273,31): error TS1005: ';' expected.
lib/translations.ts(1274,30): error TS1005: ';' expected.
lib/translations.ts(1275,30): error TS1005: ';' expected.
lib/translations.ts(1276,29): error TS1005: ';' expected.
lib/translations.ts(1277,22): error TS1005: ';' expected.
lib/translations.ts(1278,21): error TS1005: ';' expected.
lib/translations.ts(1279,30): error TS1005: ';' expected.
lib/translations.ts(1280,29): error TS1005: ';' expected.
lib/translations.ts(1281,5): error TS1128: Declaration or statement expected.
lib/translations.ts(1283,30): error TS1005: ';' expected.
lib/translations.ts(1283,50): error TS1109: Expression expected.
lib/translations.ts(1283,67): error TS1005: ';' expected.
lib/translations.ts(1284,18): error TS1005: ';' expected.
lib/translations.ts(1284,45): error TS1005: ';' expected.
lib/translations.ts(1284,86): error TS1005: ';' expected.
lib/translations.ts(1285,14): error TS1005: ';' expected.
lib/translations.ts(1285,38): error TS1005: ';' expected.
lib/translations.ts(1285,59): error TS1005: ';' expected.
lib/translations.ts(1286,12): error TS1005: ';' expected.
lib/translations.ts(1286,36): error TS1005: ';' expected.
lib/translations.ts(1286,53): error TS1005: ';' expected.
lib/translations.ts(1287,13): error TS1005: ';' expected.
lib/translations.ts(1287,41): error TS1005: ';' expected.
lib/translations.ts(1287,86): error TS1005: ';' expected.
lib/translations.ts(1288,17): error TS1005: ';' expected.
lib/translations.ts(1288,38): error TS1005: ';' expected.
lib/translations.ts(1288,56): error TS1005: ';' expected.
lib/translations.ts(1288,76): error TS1005: ';' expected.
lib/translations.ts(1289,10): error TS1005: ';' expected.
lib/translations.ts(1289,33): error TS1005: ';' expected.
lib/translations.ts(1289,61): error TS1005: ';' expected.
lib/translations.ts(1289,95): error TS1005: ';' expected.
lib/translations.ts(1290,11): error TS1005: ';' expected.
lib/translations.ts(1290,30): error TS1005: ';' expected.
lib/translations.ts(1290,53): error TS1005: ';' expected.
lib/translations.ts(1290,70): error TS1005: ';' expected.
lib/translations.ts(1290,85): error TS1005: ';' expected.
lib/translations.ts(1291,12): error TS1005: ';' expected.
lib/translations.ts(1291,32): error TS1005: ';' expected.
lib/translations.ts(1291,47): error TS1005: ';' expected.
lib/translations.ts(1291,62): error TS1005: ';' expected.
lib/translations.ts(1291,85): error TS1005: ';' expected.
lib/translations.ts(1292,15): error TS1005: ';' expected.
lib/translations.ts(1292,35): error TS1005: ';' expected.
lib/translations.ts(1292,57): error TS1005: ';' expected.
lib/translations.ts(1292,79): error TS1005: ';' expected.
lib/translations.ts(1293,16): error TS1005: ';' expected.
lib/translations.ts(1293,45): error TS1005: ';' expected.
lib/translations.ts(1293,70): error TS1005: ';' expected.
lib/translations.ts(1293,86): error TS1005: ';' expected.
lib/translations.ts(1294,4): error TS1128: Declaration or statement expected.
lib/translations.ts(1296,27): error TS1005: ';' expected.
lib/translations.ts(1296,47): error TS1109: Expression expected.
lib/translations.ts(1296,64): error TS1005: ';' expected.
lib/translations.ts(1297,18): error TS1005: ';' expected.
lib/translations.ts(1297,45): error TS1005: ';' expected.
lib/translations.ts(1297,78): error TS1005: ';' expected.
lib/translations.ts(1298,14): error TS1005: ';' expected.
lib/translations.ts(1298,38): error TS1005: ';' expected.
lib/translations.ts(1298,58): error TS1005: ';' expected.
lib/translations.ts(1299,12): error TS1005: ';' expected.
lib/translations.ts(1299,38): error TS1005: ';' expected.
lib/translations.ts(1299,61): error TS1005: ';' expected.
lib/translations.ts(1300,13): error TS1005: ';' expected.
lib/translations.ts(1300,44): error TS1005: ';' expected.
lib/translations.ts(1300,79): error TS1005: ';' expected.
lib/translations.ts(1301,17): error TS1005: ';' expected.
lib/translations.ts(1301,45): error TS1005: ';' expected.
lib/translations.ts(1301,63): error TS1005: ';' expected.
lib/translations.ts(1301,88): error TS1005: ';' expected.
lib/translations.ts(1302,10): error TS1005: ';' expected.
lib/translations.ts(1302,33): error TS1005: ';' expected.
lib/translations.ts(1302,62): error TS1005: ';' expected.
lib/translations.ts(1302,99): error TS1005: ';' expected.
lib/translations.ts(1303,11): error TS1005: ';' expected.
lib/translations.ts(1303,32): error TS1005: ';' expected.
lib/translations.ts(1303,62): error TS1005: ';' expected.
lib/translations.ts(1303,79): error TS1005: ';' expected.
lib/translations.ts(1303,94): error TS1005: ';' expected.
lib/translations.ts(1304,12): error TS1005: ';' expected.
lib/translations.ts(1304,32): error TS1005: ';' expected.
lib/translations.ts(1304,46): error TS1005: ';' expected.
lib/translations.ts(1304,61): error TS1005: ';' expected.
lib/translations.ts(1304,85): error TS1005: ';' expected.
lib/translations.ts(1305,15): error TS1005: ';' expected.
lib/translations.ts(1305,37): error TS1005: ';' expected.
lib/translations.ts(1305,60): error TS1005: ';' expected.
lib/translations.ts(1305,85): error TS1005: ';' expected.
lib/translations.ts(1306,16): error TS1005: ';' expected.
lib/translations.ts(1306,45): error TS1005: ';' expected.
lib/translations.ts(1306,68): error TS1005: ';' expected.
lib/translations.ts(1306,84): error TS1005: ';' expected.
lib/translations.ts(1307,4): error TS1128: Declaration or statement expected.
lib/translations.ts(1309,27): error TS1005: ';' expected.
lib/translations.ts(1309,46): error TS1109: Expression expected.
lib/translations.ts(1309,64): error TS1005: ';' expected.
lib/translations.ts(1310,18): error TS1005: ';' expected.
lib/translations.ts(1310,44): error TS1005: ';' expected.
lib/translations.ts(1310,75): error TS1005: ';' expected.
lib/translations.ts(1311,14): error TS1005: ';' expected.
lib/translations.ts(1311,36): error TS1005: ';' expected.
lib/translations.ts(1311,56): error TS1005: ';' expected.
lib/translations.ts(1312,12): error TS1005: ';' expected.
lib/translations.ts(1312,37): error TS1005: ';' expected.
lib/translations.ts(1312,64): error TS1005: ';' expected.
lib/translations.ts(1313,13): error TS1005: ';' expected.
lib/translations.ts(1313,43): error TS1005: ';' expected.
lib/translations.ts(1313,82): error TS1005: ';' expected.
lib/translations.ts(1314,17): error TS1005: ';' expected.
lib/translations.ts(1314,44): error TS1005: ';' expected.
lib/translations.ts(1314,64): error TS1005: ';' expected.
lib/translations.ts(1314,86): error TS1005: ';' expected.
lib/translations.ts(1315,10): error TS1005: ';' expected.
lib/translations.ts(1315,32): error TS1005: ';' expected.
lib/translations.ts(1315,60): error TS1005: ';' expected.
lib/translations.ts(1315,98): error TS1005: ';' expected.
lib/translations.ts(1316,11): error TS1005: ';' expected.
lib/translations.ts(1316,34): error TS1005: ';' expected.
lib/translations.ts(1316,55): error TS1005: ';' expected.
lib/translations.ts(1316,75): error TS1005: ';' expected.
lib/translations.ts(1316,90): error TS1005: ';' expected.
lib/translations.ts(1317,12): error TS1005: ';' expected.
lib/translations.ts(1317,33): error TS1005: ';' expected.
lib/translations.ts(1317,49): error TS1005: ';' expected.
lib/translations.ts(1317,64): error TS1005: ';' expected.
lib/translations.ts(1317,83): error TS1005: ';' expected.
lib/translations.ts(1318,15): error TS1005: ';' expected.
lib/translations.ts(1318,37): error TS1005: ';' expected.
lib/translations.ts(1318,58): error TS1005: ';' expected.
lib/translations.ts(1318,81): error TS1005: ';' expected.
lib/translations.ts(1319,16): error TS1005: ';' expected.
lib/translations.ts(1319,43): error TS1005: ';' expected.
lib/translations.ts(1319,63): error TS1005: ';' expected.
lib/translations.ts(1319,79): error TS1005: ';' expected.
lib/translations.ts(1320,4): error TS1128: Declaration or statement expected.
lib/translations.ts(1322,26): error TS1005: ';' expected.
lib/translations.ts(1322,42): error TS1109: Expression expected.
lib/translations.ts(1322,58): error TS1005: ';' expected.
lib/translations.ts(1323,18): error TS1005: ';' expected.
lib/translations.ts(1323,44): error TS1005: ';' expected.
lib/translations.ts(1323,73): error TS1005: ';' expected.
lib/translations.ts(1324,14): error TS1005: ';' expected.
lib/translations.ts(1324,38): error TS1005: ';' expected.
lib/translations.ts(1324,59): error TS1005: ';' expected.
lib/translations.ts(1325,12): error TS1005: ';' expected.
lib/translations.ts(1325,35): error TS1005: ';' expected.
lib/translations.ts(1325,55): error TS1005: ';' expected.
lib/translations.ts(1326,13): error TS1005: ';' expected.
lib/translations.ts(1326,35): error TS1005: ';' expected.
lib/translations.ts(1326,74): error TS1005: ';' expected.
lib/translations.ts(1327,17): error TS1005: ';' expected.
lib/translations.ts(1327,42): error TS1005: ';' expected.
lib/translations.ts(1327,59): error TS1005: ';' expected.
lib/translations.ts(1327,80): error TS1005: ';' expected.
lib/translations.ts(1328,10): error TS1005: ';' expected.
lib/translations.ts(1328,28): error TS1005: ';' expected.
lib/translations.ts(1328,53): error TS1005: ';' expected.
lib/translations.ts(1328,83): error TS1005: ';' expected.
lib/translations.ts(1329,11): error TS1005: ';' expected.
lib/translations.ts(1329,32): error TS1005: ';' expected.
lib/translations.ts(1329,51): error TS1005: ';' expected.
lib/translations.ts(1329,67): error TS1005: ';' expected.
lib/translations.ts(1329,85): error TS1005: ';' expected.
lib/translations.ts(1330,12): error TS1005: ';' expected.
lib/translations.ts(1330,32): error TS1005: ';' expected.
lib/translations.ts(1330,47): error TS1005: ';' expected.
lib/translations.ts(1330,62): error TS1005: ';' expected.
lib/translations.ts(1330,82): error TS1005: ';' expected.
lib/translations.ts(1331,15): error TS1005: ';' expected.
lib/translations.ts(1331,37): error TS1005: ';' expected.
lib/translations.ts(1331,56): error TS1005: ';' expected.
lib/translations.ts(1331,78): error TS1005: ';' expected.
lib/translations.ts(1332,16): error TS1005: ';' expected.
lib/translations.ts(1332,48): error TS1005: ';' expected.
lib/translations.ts(1332,71): error TS1005: ';' expected.
lib/translations.ts(1332,87): error TS1005: ';' expected.
lib/translations.ts(1333,4): error TS1128: Declaration or statement expected.
lib/translations.ts(1335,27): error TS1005: ';' expected.
lib/translations.ts(1335,43): error TS1109: Expression expected.
lib/translations.ts(1335,59): error TS1005: ';' expected.
lib/translations.ts(1336,18): error TS1005: ';' expected.
lib/translations.ts(1336,44): error TS1005: ';' expected.
lib/translations.ts(1336,73): error TS1005: ';' expected.
lib/translations.ts(1337,14): error TS1005: ';' expected.
lib/translations.ts(1337,39): error TS1005: ';' expected.
lib/translations.ts(1337,58): error TS1005: ';' expected.
lib/translations.ts(1338,12): error TS1005: ';' expected.
lib/translations.ts(1338,35): error TS1005: ';' expected.
lib/translations.ts(1338,55): error TS1005: ';' expected.
lib/translations.ts(1339,13): error TS1005: ';' expected.
lib/translations.ts(1339,35): error TS1005: ';' expected.
lib/translations.ts(1339,73): error TS1005: ';' expected.
lib/translations.ts(1340,17): error TS1005: ';' expected.
lib/translations.ts(1340,41): error TS1005: ';' expected.
lib/translations.ts(1340,58): error TS1005: ';' expected.
lib/translations.ts(1340,79): error TS1005: ';' expected.
lib/translations.ts(1341,10): error TS1005: ';' expected.
lib/translations.ts(1341,28): error TS1005: ';' expected.
lib/translations.ts(1341,55): error TS1005: ';' expected.
lib/translations.ts(1341,85): error TS1005: ';' expected.
lib/translations.ts(1342,11): error TS1005: ';' expected.
lib/translations.ts(1342,32): error TS1005: ';' expected.
lib/translations.ts(1342,51): error TS1005: ';' expected.
lib/translations.ts(1342,67): error TS1005: ';' expected.
lib/translations.ts(1342,82): error TS1005: ';' expected.
lib/translations.ts(1343,12): error TS1005: ';' expected.
lib/translations.ts(1343,32): error TS1005: ';' expected.
lib/translations.ts(1343,48): error TS1005: ';' expected.
lib/translations.ts(1343,63): error TS1005: ';' expected.
lib/translations.ts(1343,87): error TS1005: ';' expected.
lib/translations.ts(1344,15): error TS1005: ';' expected.
lib/translations.ts(1344,37): error TS1005: ';' expected.
lib/translations.ts(1344,56): error TS1005: ';' expected.
lib/translations.ts(1344,78): error TS1005: ';' expected.
lib/translations.ts(1345,16): error TS1005: ';' expected.
lib/translations.ts(1345,45): error TS1005: ';' expected.
lib/translations.ts(1345,69): error TS1005: ';' expected.
lib/translations.ts(1345,85): error TS1005: ';' expected.
lib/translations.ts(1346,4): error TS1128: Declaration or statement expected.
lib/translations.ts(1348,27): error TS1005: ';' expected.
lib/translations.ts(1348,52): error TS1109: Expression expected.
lib/translations.ts(1348,68): error TS1005: ';' expected.
lib/translations.ts(1349,18): error TS1005: ';' expected.
lib/translations.ts(1349,47): error TS1005: ';' expected.
lib/translations.ts(1349,76): error TS1005: ';' expected.
lib/translations.ts(1350,14): error TS1005: ';' expected.
lib/translations.ts(1350,39): error TS1005: ';' expected.
lib/translations.ts(1350,58): error TS1005: ';' expected.
lib/translations.ts(1351,12): error TS1005: ';' expected.
lib/translations.ts(1351,35): error TS1005: ';' expected.
lib/translations.ts(1351,54): error TS1005: ';' expected.
lib/translations.ts(1352,13): error TS1005: ';' expected.
lib/translations.ts(1352,35): error TS1005: ';' expected.
lib/translations.ts(1352,75): error TS1005: ';' expected.
lib/translations.ts(1353,17): error TS1005: ';' expected.
lib/translations.ts(1353,41): error TS1005: ';' expected.
lib/translations.ts(1353,56): error TS1005: ';' expected.
lib/translations.ts(1353,79): error TS1005: ';' expected.
lib/translations.ts(1354,10): error TS1005: ';' expected.
lib/translations.ts(1354,28): error TS1005: ';' expected.
lib/translations.ts(1354,54): error TS1005: ';' expected.
lib/translations.ts(1354,84): error TS1005: ';' expected.
lib/translations.ts(1355,11): error TS1005: ';' expected.
lib/translations.ts(1355,32): error TS1005: ';' expected.
lib/translations.ts(1355,51): error TS1005: ';' expected.
lib/translations.ts(1355,67): error TS1005: ';' expected.
lib/translations.ts(1355,85): error TS1005: ';' expected.
lib/translations.ts(1356,12): error TS1005: ';' expected.
lib/translations.ts(1356,36): error TS1005: ';' expected.
lib/translations.ts(1356,52): error TS1005: ';' expected.
lib/translations.ts(1356,67): error TS1005: ';' expected.
lib/translations.ts(1356,90): error TS1005: ';' expected.
lib/translations.ts(1357,15): error TS1005: ';' expected.
lib/translations.ts(1357,37): error TS1005: ';' expected.
lib/translations.ts(1357,56): error TS1005: ';' expected.
lib/translations.ts(1357,78): error TS1005: ';' expected.
lib/translations.ts(1358,16): error TS1005: ';' expected.
lib/translations.ts(1358,45): error TS1005: ';' expected.
lib/translations.ts(1358,68): error TS1005: ';' expected.
lib/translations.ts(1358,84): error TS1005: ';' expected.
lib/translations.ts(1359,4): error TS1128: Declaration or statement expected.
lib/translations.ts(1361,36): error TS1005: ';' expected.
lib/translations.ts(1361,54): error TS1109: Expression expected.
lib/translations.ts(1361,71): error TS1005: ';' expected.
lib/translations.ts(1362,18): error TS1005: ';' expected.
lib/translations.ts(1362,50): error TS1005: ';' expected.
lib/translations.ts(1362,89): error TS1005: ';' expected.
lib/translations.ts(1363,14): error TS1005: ';' expected.
lib/translations.ts(1363,40): error TS1005: ';' expected.
lib/translations.ts(1363,57): error TS1005: ';' expected.
lib/translations.ts(1364,12): error TS1005: ';' expected.
lib/translations.ts(1364,35): error TS1005: ';' expected.
lib/translations.ts(1364,58): error TS1005: ';' expected.
lib/translations.ts(1365,13): error TS1005: ';' expected.
lib/translations.ts(1365,35): error TS1005: ';' expected.
lib/translations.ts(1365,71): error TS1005: ';' expected.
lib/translations.ts(1366,17): error TS1005: ';' expected.
lib/translations.ts(1366,40): error TS1005: ';' expected.
lib/translations.ts(1366,58): error TS1005: ';' expected.
lib/translations.ts(1366,79): error TS1005: ';' expected.
lib/translations.ts(1367,10): error TS1005: ';' expected.
lib/translations.ts(1367,32): error TS1005: ';' expected.
lib/translations.ts(1367,60): error TS1005: ';' expected.
lib/translations.ts(1367,98): error TS1005: ';' expected.
lib/translations.ts(1368,11): error TS1005: ';' expected.
lib/translations.ts(1368,31): error TS1005: ';' expected.
lib/translations.ts(1368,53): error TS1005: ';' expected.
lib/translations.ts(1368,77): error TS1005: ';' expected.
lib/translations.ts(1368,96): error TS1005: ';' expected.
lib/translations.ts(1369,12): error TS1005: ';' expected.
lib/translations.ts(1369,32): error TS1005: ';' expected.
lib/translations.ts(1369,47): error TS1005: ';' expected.
lib/translations.ts(1369,62): error TS1005: ';' expected.
lib/translations.ts(1369,86): error TS1005: ';' expected.
lib/translations.ts(1370,15): error TS1005: ';' expected.
lib/translations.ts(1370,36): error TS1005: ';' expected.
lib/translations.ts(1370,58): error TS1005: ';' expected.
lib/translations.ts(1370,84): error TS1005: ';' expected.
lib/translations.ts(1371,16): error TS1005: ';' expected.
lib/translations.ts(1371,46): error TS1005: ';' expected.
lib/translations.ts(1371,68): error TS1005: ';' expected.
lib/translations.ts(1371,84): error TS1005: ';' expected.
lib/translations.ts(1372,4): error TS1128: Declaration or statement expected.
lib/translations.ts(1374,28): error TS1005: ';' expected.
lib/translations.ts(1374,48): error TS1109: Expression expected.
lib/translations.ts(1374,64): error TS1005: ';' expected.
lib/translations.ts(1375,18): error TS1005: ';' expected.
lib/translations.ts(1375,45): error TS1005: ';' expected.
lib/translations.ts(1375,79): error TS1005: ';' expected.
lib/translations.ts(1376,14): error TS1005: ';' expected.
lib/translations.ts(1376,39): error TS1005: ';' expected.
lib/translations.ts(1376,61): error TS1005: ';' expected.
lib/translations.ts(1377,12): error TS1005: ';' expected.
lib/translations.ts(1377,37): error TS1005: ';' expected.
lib/translations.ts(1377,62): error TS1005: ';' expected.
lib/translations.ts(1378,13): error TS1005: ';' expected.
lib/translations.ts(1378,40): error TS1005: ';' expected.
lib/translations.ts(1378,72): error TS1005: ';' expected.
lib/translations.ts(1379,17): error TS1005: ';' expected.
lib/translations.ts(1379,44): error TS1005: ';' expected.
lib/translations.ts(1379,64): error TS1005: ';' expected.
lib/translations.ts(1379,87): error TS1005: ';' expected.
lib/translations.ts(1380,10): error TS1005: ';' expected.
lib/translations.ts(1380,32): error TS1005: ';' expected.
lib/translations.ts(1380,62): error TS1005: ';' expected.
lib/translations.ts(1380,104): error TS1005: ';' expected.
lib/translations.ts(1381,11): error TS1005: ';' expected.
lib/translations.ts(1381,33): error TS1005: ';' expected.
lib/translations.ts(1381,53): error TS1005: ';' expected.
lib/translations.ts(1381,70): error TS1005: ';' expected.
lib/translations.ts(1381,87): error TS1005: ';' expected.
lib/translations.ts(1382,12): error TS1005: ';' expected.
lib/translations.ts(1382,32): error TS1005: ';' expected.
lib/translations.ts(1382,45): error TS1005: ';' expected.
lib/translations.ts(1382,60): error TS1005: ';' expected.
lib/translations.ts(1382,80): error TS1005: ';' expected.
lib/translations.ts(1383,15): error TS1005: ';' expected.
lib/translations.ts(1383,35): error TS1005: ';' expected.
lib/translations.ts(1383,54): error TS1005: ';' expected.
lib/translations.ts(1383,77): error TS1005: ';' expected.
lib/translations.ts(1384,16): error TS1005: ';' expected.
lib/translations.ts(1384,45): error TS1005: ';' expected.
lib/translations.ts(1384,68): error TS1005: ';' expected.
lib/translations.ts(1384,84): error TS1005: ';' expected.
lib/translations.ts(1385,4): error TS1128: Declaration or statement expected.
lib/translations.ts(1387,27): error TS1005: ';' expected.
lib/translations.ts(1387,47): error TS1109: Expression expected.
lib/translations.ts(1387,65): error TS1005: ';' expected.
lib/translations.ts(1388,18): error TS1005: ';' expected.
lib/translations.ts(1388,47): error TS1005: ';' expected.
lib/translations.ts(1388,76): error TS1005: ';' expected.
lib/translations.ts(1389,14): error TS1005: ';' expected.
lib/translations.ts(1389,38): error TS1005: ';' expected.
lib/translations.ts(1389,61): error TS1005: ';' expected.
lib/translations.ts(1390,12): error TS1005: ';' expected.
lib/translations.ts(1390,39): error TS1005: ';' expected.
lib/translations.ts(1390,57): error TS1005: ';' expected.
lib/translations.ts(1391,13): error TS1005: ';' expected.
lib/translations.ts(1391,37): error TS1005: ';' expected.
lib/translations.ts(1391,77): error TS1005: ';' expected.
lib/translations.ts(1392,17): error TS1005: ';' expected.
lib/translations.ts(1392,43): error TS1005: ';' expected.
lib/translations.ts(1392,60): error TS1005: ';' expected.
lib/translations.ts(1392,82): error TS1005: ';' expected.
lib/translations.ts(1393,10): error TS1005: ';' expected.
lib/translations.ts(1393,30): error TS1005: ';' expected.
lib/translations.ts(1393,61): error TS1005: ';' expected.
lib/translations.ts(1393,103): error TS1005: ';' expected.
lib/translations.ts(1394,11): error TS1005: ';' expected.
lib/translations.ts(1394,32): error TS1005: ';' expected.
lib/translations.ts(1394,53): error TS1005: ';' expected.
lib/translations.ts(1394,70): error TS1005: ';' expected.
lib/translations.ts(1394,86): error TS1005: ';' expected.
lib/translations.ts(1395,12): error TS1005: ';' expected.
lib/translations.ts(1395,32): error TS1005: ';' expected.
lib/translations.ts(1395,45): error TS1005: ';' expected.
lib/translations.ts(1395,60): error TS1005: ';' expected.
lib/translations.ts(1395,83): error TS1005: ';' expected.
lib/translations.ts(1396,15): error TS1005: ';' expected.
lib/translations.ts(1396,38): error TS1005: ';' expected.
lib/translations.ts(1396,57): error TS1005: ';' expected.
lib/translations.ts(1396,80): error TS1005: ';' expected.
lib/translations.ts(1397,16): error TS1005: ';' expected.
lib/translations.ts(1397,48): error TS1005: ';' expected.
lib/translations.ts(1397,76): error TS1005: ';' expected.
lib/translations.ts(1397,92): error TS1005: ';' expected.
lib/translations.ts(1398,4): error TS1128: Declaration or statement expected.
lib/translations.ts(1400,31): error TS1005: ';' expected.
lib/translations.ts(1400,45): error TS1109: Expression expected.
lib/translations.ts(1400,62): error TS1005: ';' expected.
lib/translations.ts(1401,18): error TS1005: ';' expected.
lib/translations.ts(1401,43): error TS1005: ';' expected.
lib/translations.ts(1401,75): error TS1005: ';' expected.
lib/translations.ts(1402,14): error TS1005: ';' expected.
lib/translations.ts(1402,34): error TS1005: ';' expected.
lib/translations.ts(1402,53): error TS1005: ';' expected.
lib/translations.ts(1403,12): error TS1005: ';' expected.
lib/translations.ts(1403,38): error TS1005: ';' expected.
lib/translations.ts(1403,61): error TS1005: ';' expected.
lib/translations.ts(1404,13): error TS1005: ';' expected.
lib/translations.ts(1404,41): error TS1005: ';' expected.
lib/translations.ts(1404,78): error TS1005: ';' expected.
lib/translations.ts(1405,17): error TS1005: ';' expected.
lib/translations.ts(1405,39): error TS1005: ';' expected.
lib/translations.ts(1405,57): error TS1005: ';' expected.
lib/translations.ts(1405,78): error TS1005: ';' expected.
lib/translations.ts(1406,10): error TS1005: ';' expected.
lib/translations.ts(1406,35): error TS1005: ';' expected.
lib/translations.ts(1406,62): error TS1005: ';' expected.
lib/translations.ts(1406,93): error TS1005: ';' expected.
lib/translations.ts(1407,11): error TS1005: ';' expected.
lib/translations.ts(1407,33): error TS1005: ';' expected.
lib/translations.ts(1407,51): error TS1005: ';' expected.
lib/translations.ts(1407,69): error TS1005: ';' expected.
lib/translations.ts(1407,87): error TS1005: ';' expected.
lib/translations.ts(1408,12): error TS1005: ';' expected.
lib/translations.ts(1408,34): error TS1005: ';' expected.
lib/translations.ts(1408,48): error TS1005: ';' expected.
lib/translations.ts(1408,63): error TS1005: ';' expected.
lib/translations.ts(1408,83): error TS1005: ';' expected.
lib/translations.ts(1409,15): error TS1005: ';' expected.
lib/translations.ts(1409,41): error TS1005: ';' expected.
lib/translations.ts(1409,59): error TS1005: ';' expected.
lib/translations.ts(1409,80): error TS1005: ';' expected.
lib/translations.ts(1410,16): error TS1005: ';' expected.
lib/translations.ts(1410,47): error TS1005: ';' expected.
lib/translations.ts(1410,72): error TS1005: ';' expected.
lib/translations.ts(1410,88): error TS1005: ';' expected.
lib/translations.ts(1411,4): error TS1128: Declaration or statement expected.
lib/translations.ts(1413,32): error TS1005: ';' expected.
lib/translations.ts(1413,51): error TS1109: Expression expected.
lib/translations.ts(1413,67): error TS1005: ';' expected.
lib/translations.ts(1414,18): error TS1005: ';' expected.
lib/translations.ts(1414,44): error TS1005: ';' expected.
lib/translations.ts(1414,85): error TS1005: ';' expected.
lib/translations.ts(1415,14): error TS1005: ';' expected.
lib/translations.ts(1415,38): error TS1005: ';' expected.
lib/translations.ts(1415,63): error TS1005: ';' expected.
lib/translations.ts(1416,12): error TS1005: ';' expected.
lib/translations.ts(1416,38): error TS1005: ';' expected.
lib/translations.ts(1416,59): error TS1005: ';' expected.
lib/translations.ts(1417,13): error TS1005: ';' expected.
lib/translations.ts(1417,35): error TS1005: ';' expected.
lib/translations.ts(1417,76): error TS1005: ';' expected.
lib/translations.ts(1418,17): error TS1005: ';' expected.
lib/translations.ts(1418,42): error TS1005: ';' expected.
lib/translations.ts(1418,57): error TS1005: ';' expected.
lib/translations.ts(1418,75): error TS1005: ';' expected.
lib/translations.ts(1419,10): error TS1005: ';' expected.
lib/translations.ts(1419,36): error TS1005: ';' expected.
lib/translations.ts(1419,66): error TS1005: ';' expected.
lib/translations.ts(1419,117): error TS1005: ';' expected.
lib/translations.ts(1420,11): error TS1005: ';' expected.
lib/translations.ts(1420,35): error TS1005: ';' expected.
lib/translations.ts(1420,56): error TS1005: ';' expected.
lib/translations.ts(1420,83): error TS1005: ';' expected.
lib/translations.ts(1420,99): error TS1005: ';' expected.
lib/translations.ts(1421,12): error TS1005: ';' expected.
lib/translations.ts(1421,39): error TS1005: ';' expected.
lib/translations.ts(1421,53): error TS1005: ';' expected.
lib/translations.ts(1421,68): error TS1005: ';' expected.
lib/translations.ts(1421,88): error TS1005: ';' expected.
lib/translations.ts(1422,15): error TS1005: ';' expected.
lib/translations.ts(1422,35): error TS1005: ';' expected.
lib/translations.ts(1422,57): error TS1005: ';' expected.
lib/translations.ts(1422,82): error TS1005: ';' expected.
lib/translations.ts(1423,16): error TS1005: ';' expected.
lib/translations.ts(1423,50): error TS1005: ';' expected.
lib/translations.ts(1423,75): error TS1005: ';' expected.
lib/translations.ts(1423,93): error TS1005: ';' expected.
lib/translations.ts(1424,4): error TS1128: Declaration or statement expected.
lib/translations.ts(1426,31): error TS1005: ';' expected.
lib/translations.ts(1426,44): error TS1109: Expression expected.
lib/translations.ts(1426,61): error TS1005: ';' expected.
lib/translations.ts(1427,18): error TS1005: ';' expected.
lib/translations.ts(1427,40): error TS1005: ';' expected.
lib/translations.ts(1427,69): error TS1005: ';' expected.
lib/translations.ts(1428,14): error TS1005: ';' expected.
lib/translations.ts(1428,36): error TS1005: ';' expected.
lib/translations.ts(1428,53): error TS1005: ';' expected.
lib/translations.ts(1429,12): error TS1005: ';' expected.
lib/translations.ts(1429,36): error TS1005: ';' expected.
lib/translations.ts(1429,60): error TS1005: ';' expected.
lib/translations.ts(1430,13): error TS1005: ';' expected.
lib/translations.ts(1430,32): error TS1005: ';' expected.
lib/translations.ts(1430,64): error TS1005: ';' expected.
lib/translations.ts(1431,17): error TS1005: ';' expected.
lib/translations.ts(1431,45): error TS1005: ';' expected.
lib/translations.ts(1431,60): error TS1005: ';' expected.
lib/translations.ts(1431,80): error TS1005: ';' expected.
lib/translations.ts(1432,10): error TS1005: ';' expected.
lib/translations.ts(1432,29): error TS1005: ';' expected.
lib/translations.ts(1432,56): error TS1005: ';' expected.
lib/translations.ts(1432,88): error TS1005: ';' expected.
lib/translations.ts(1433,11): error TS1005: ';' expected.
lib/translations.ts(1433,30): error TS1005: ';' expected.
lib/translations.ts(1433,48): error TS1005: ';' expected.
lib/translations.ts(1433,64): error TS1005: ';' expected.
lib/translations.ts(1433,78): error TS1005: ';' expected.
lib/translations.ts(1434,12): error TS1005: ';' expected.
lib/translations.ts(1434,28): error TS1005: ';' expected.
lib/translations.ts(1434,41): error TS1005: ';' expected.
lib/translations.ts(1434,56): error TS1005: ';' expected.
lib/translations.ts(1434,75): error TS1005: ';' expected.
lib/translations.ts(1435,15): error TS1005: ';' expected.
lib/translations.ts(1435,33): error TS1005: ';' expected.
lib/translations.ts(1435,52): error TS1005: ';' expected.
lib/translations.ts(1435,76): error TS1005: ';' expected.
lib/translations.ts(1436,16): error TS1005: ';' expected.
lib/translations.ts(1436,48): error TS1005: ';' expected.
lib/translations.ts(1436,68): error TS1005: ';' expected.
lib/translations.ts(1436,86): error TS1005: ';' expected.
lib/translations.ts(1437,4): error TS1128: Declaration or statement expected.
lib/translations.ts(1439,32): error TS1005: ';' expected.
lib/translations.ts(1439,49): error TS1109: Expression expected.
lib/translations.ts(1439,66): error TS1005: ';' expected.
lib/translations.ts(1440,18): error TS1005: ';' expected.
lib/translations.ts(1440,47): error TS1005: ';' expected.
lib/translations.ts(1440,85): error TS1005: ';' expected.
lib/translations.ts(1441,14): error TS1005: ';' expected.
lib/translations.ts(1441,37): error TS1005: ';' expected.
lib/translations.ts(1441,59): error TS1005: ';' expected.
lib/translations.ts(1442,12): error TS1005: ';' expected.
lib/translations.ts(1442,33): error TS1005: ';' expected.
lib/translations.ts(1442,54): error TS1005: ';' expected.
lib/translations.ts(1443,13): error TS1005: ';' expected.
lib/translations.ts(1443,37): error TS1005: ';' expected.
lib/translations.ts(1443,79): error TS1005: ';' expected.
lib/translations.ts(1444,17): error TS1005: ';' expected.
lib/translations.ts(1444,42): error TS1005: ';' expected.
lib/translations.ts(1444,60): error TS1005: ';' expected.
lib/translations.ts(1444,80): error TS1005: ';' expected.
lib/translations.ts(1445,10): error TS1005: ';' expected.
lib/translations.ts(1445,34): error TS1005: ';' expected.
lib/translations.ts(1445,60): error TS1005: ';' expected.
lib/translations.ts(1445,93): error TS1005: ';' expected.
lib/translations.ts(1446,11): error TS1005: ';' expected.
lib/translations.ts(1446,33): error TS1005: ';' expected.
lib/translations.ts(1446,51): error TS1005: ';' expected.
lib/translations.ts(1446,68): error TS1005: ';' expected.
lib/translations.ts(1446,86): error TS1005: ';' expected.
lib/translations.ts(1447,12): error TS1005: ';' expected.
lib/translations.ts(1447,32): error TS1005: ';' expected.
lib/translations.ts(1447,45): error TS1005: ';' expected.
lib/translations.ts(1447,60): error TS1005: ';' expected.
lib/translations.ts(1447,81): error TS1005: ';' expected.
lib/translations.ts(1448,15): error TS1005: ';' expected.
lib/translations.ts(1448,37): error TS1005: ';' expected.
lib/translations.ts(1448,55): error TS1005: ';' expected.
lib/translations.ts(1448,77): error TS1005: ';' expected.
lib/translations.ts(1449,16): error TS1005: ';' expected.
lib/translations.ts(1449,46): error TS1005: ';' expected.
lib/translations.ts(1449,69): error TS1005: ';' expected.
lib/translations.ts(1449,85): error TS1005: ';' expected.
lib/translations.ts(1450,4): error TS1128: Declaration or statement expected.
lib/translations.ts(1452,26): error TS1005: ';' expected.
lib/translations.ts(1452,44): error TS1109: Expression expected.
lib/translations.ts(1452,60): error TS1005: ';' expected.
lib/translations.ts(1453,18): error TS1005: ';' expected.
lib/translations.ts(1453,45): error TS1005: ';' expected.
lib/translations.ts(1453,82): error TS1005: ';' expected.
lib/translations.ts(1454,14): error TS1005: ';' expected.
lib/translations.ts(1454,35): error TS1005: ';' expected.
lib/translations.ts(1454,52): error TS1005: ';' expected.
lib/translations.ts(1455,12): error TS1005: ';' expected.
lib/translations.ts(1455,39): error TS1005: ';' expected.
lib/translations.ts(1455,58): error TS1005: ';' expected.
lib/translations.ts(1456,13): error TS1005: ';' expected.
lib/translations.ts(1456,42): error TS1005: ';' expected.
lib/translations.ts(1456,87): error TS1005: ';' expected.
lib/translations.ts(1457,17): error TS1005: ';' expected.
lib/translations.ts(1457,49): error TS1005: ';' expected.
lib/translations.ts(1457,67): error TS1005: ';' expected.
lib/translations.ts(1457,91): error TS1005: ';' expected.
lib/translations.ts(1458,10): error TS1005: ';' expected.
lib/translations.ts(1458,37): error TS1005: ';' expected.
lib/translations.ts(1458,65): error TS1005: ';' expected.
lib/translations.ts(1458,96): error TS1005: ';' expected.
lib/translations.ts(1459,11): error TS1005: ';' expected.
lib/translations.ts(1459,31): error TS1005: ';' expected.
lib/translations.ts(1459,50): error TS1005: ';' expected.
lib/translations.ts(1459,67): error TS1005: ';' expected.
lib/translations.ts(1459,82): error TS1005: ';' expected.
lib/translations.ts(1460,12): error TS1005: ';' expected.
lib/translations.ts(1460,31): error TS1005: ';' expected.
lib/translations.ts(1460,45): error TS1005: ';' expected.
lib/translations.ts(1460,60): error TS1005: ';' expected.
lib/translations.ts(1460,79): error TS1005: ';' expected.
lib/translations.ts(1461,15): error TS1005: ';' expected.
lib/translations.ts(1461,35): error TS1005: ';' expected.
lib/translations.ts(1461,52): error TS1005: ';' expected.
lib/translations.ts(1461,72): error TS1005: ';' expected.
lib/translations.ts(1462,16): error TS1005: ';' expected.
lib/translations.ts(1462,45): error TS1005: ';' expected.
lib/translations.ts(1462,67): error TS1005: ';' expected.
lib/translations.ts(1462,84): error TS1005: ';' expected.
lib/translations.ts(1463,4): error TS1128: Declaration or statement expected.
lib/translations.ts(1465,27): error TS1005: ';' expected.
lib/translations.ts(1465,44): error TS1109: Expression expected.
lib/translations.ts(1465,62): error TS1005: ';' expected.
lib/translations.ts(1466,18): error TS1005: ';' expected.
lib/translations.ts(1466,44): error TS1005: ';' expected.
lib/translations.ts(1466,74): error TS1005: ';' expected.
lib/translations.ts(1467,14): error TS1005: ';' expected.
lib/translations.ts(1467,40): error TS1005: ';' expected.
lib/translations.ts(1467,63): error TS1005: ';' expected.
lib/translations.ts(1468,12): error TS1005: ';' expected.
lib/translations.ts(1468,37): error TS1005: ';' expected.
lib/translations.ts(1468,57): error TS1005: ';' expected.
lib/translations.ts(1469,13): error TS1005: ';' expected.
lib/translations.ts(1469,37): error TS1005: ';' expected.
lib/translations.ts(1469,73): error TS1005: ';' expected.
lib/translations.ts(1470,17): error TS1005: ';' expected.
lib/translations.ts(1470,43): error TS1005: ';' expected.
lib/translations.ts(1470,62): error TS1005: ';' expected.
lib/translations.ts(1470,86): error TS1005: ';' expected.
lib/translations.ts(1471,10): error TS1005: ';' expected.
lib/translations.ts(1471,30): error TS1005: ';' expected.
lib/translations.ts(1471,62): error TS1005: ';' expected.
lib/translations.ts(1471,99): error TS1005: ';' expected.
lib/translations.ts(1472,11): error TS1005: ';' expected.
lib/translations.ts(1472,31): error TS1005: ';' expected.
lib/translations.ts(1472,51): error TS1005: ';' expected.
lib/translations.ts(1472,68): error TS1005: ';' expected.
lib/translations.ts(1472,82): error TS1005: ';' expected.
lib/translations.ts(1473,12): error TS1005: ';' expected.
lib/translations.ts(1473,33): error TS1005: ';' expected.
lib/translations.ts(1473,46): error TS1005: ';' expected.
lib/translations.ts(1473,61): error TS1005: ';' expected.
lib/translations.ts(1473,81): error TS1005: ';' expected.
lib/translations.ts(1474,15): error TS1005: ';' expected.
lib/translations.ts(1474,36): error TS1005: ';' expected.
lib/translations.ts(1474,55): error TS1005: ';' expected.
lib/translations.ts(1474,78): error TS1005: ';' expected.
lib/translations.ts(1475,16): error TS1005: ';' expected.
lib/translations.ts(1475,45): error TS1005: ';' expected.
lib/translations.ts(1475,68): error TS1005: ';' expected.
lib/translations.ts(1475,84): error TS1005: ';' expected.
lib/translations.ts(1476,4): error TS1128: Declaration or statement expected.
lib/translations.ts(1478,29): error TS1005: ';' expected.
lib/translations.ts(1478,44): error TS1109: Expression expected.
lib/translations.ts(1478,60): error TS1005: ';' expected.
lib/translations.ts(1479,18): error TS1005: ';' expected.
lib/translations.ts(1479,46): error TS1005: ';' expected.
lib/translations.ts(1479,86): error TS1005: ';' expected.
lib/translations.ts(1480,14): error TS1005: ';' expected.
lib/translations.ts(1480,38): error TS1005: ';' expected.
lib/translations.ts(1480,64): error TS1005: ';' expected.
lib/translations.ts(1481,12): error TS1005: ';' expected.
lib/translations.ts(1481,38): error TS1005: ';' expected.
lib/translations.ts(1481,57): error TS1005: ';' expected.
lib/translations.ts(1482,13): error TS1005: ';' expected.
lib/translations.ts(1482,44): error TS1005: ';' expected.
lib/translations.ts(1482,79): error TS1005: ';' expected.
lib/translations.ts(1483,17): error TS1005: ';' expected.
lib/translations.ts(1483,45): error TS1005: ';' expected.
lib/translations.ts(1483,67): error TS1005: ';' expected.
lib/translations.ts(1483,89): error TS1005: ';' expected.
lib/translations.ts(1484,10): error TS1005: ';' expected.
lib/translations.ts(1484,33): error TS1005: ';' expected.
lib/translations.ts(1484,62): error TS1005: ';' expected.
lib/translations.ts(1484,100): error TS1005: ';' expected.
lib/translations.ts(1485,11): error TS1005: ';' expected.
lib/translations.ts(1485,31): error TS1005: ';' expected.
lib/translations.ts(1485,53): error TS1005: ';' expected.
lib/translations.ts(1485,70): error TS1005: ';' expected.
lib/translations.ts(1485,91): error TS1005: ';' expected.
lib/translations.ts(1486,12): error TS1005: ';' expected.
lib/translations.ts(1486,32): error TS1005: ';' expected.
lib/translations.ts(1486,47): error TS1005: ';' expected.
lib/translations.ts(1486,62): error TS1005: ';' expected.
lib/translations.ts(1486,80): error TS1005: ';' expected.
lib/translations.ts(1487,15): error TS1005: ';' expected.
lib/translations.ts(1487,38): error TS1005: ';' expected.
lib/translations.ts(1487,60): error TS1005: ';' expected.
lib/translations.ts(1487,84): error TS1005: ';' expected.
lib/translations.ts(1488,16): error TS1005: ';' expected.
lib/translations.ts(1488,45): error TS1005: ';' expected.
lib/translations.ts(1488,68): error TS1005: ';' expected.
lib/translations.ts(1488,84): error TS1005: ';' expected.
lib/translations.ts(1489,4): error TS1128: Declaration or statement expected.
lib/translations.ts(1491,34): error TS1005: ';' expected.
lib/translations.ts(1491,54): error TS1109: Expression expected.
lib/translations.ts(1491,73): error TS1005: ';' expected.
lib/translations.ts(1492,18): error TS1005: ';' expected.
lib/translations.ts(1492,47): error TS1005: ';' expected.
lib/translations.ts(1492,85): error TS1005: ';' expected.
lib/translations.ts(1493,14): error TS1005: ';' expected.
lib/translations.ts(1493,37): error TS1005: ';' expected.
lib/translations.ts(1493,57): error TS1005: ';' expected.
lib/translations.ts(1494,12): error TS1005: ';' expected.
lib/translations.ts(1494,36): error TS1005: ';' expected.
lib/translations.ts(1494,57): error TS1005: ';' expected.
lib/translations.ts(1495,13): error TS1005: ';' expected.
lib/translations.ts(1495,41): error TS1005: ';' expected.
lib/translations.ts(1495,90): error TS1005: ';' expected.
lib/translations.ts(1496,17): error TS1005: ';' expected.
lib/translations.ts(1496,38): error TS1005: ';' expected.
lib/translations.ts(1496,56): error TS1005: ';' expected.
lib/translations.ts(1496,76): error TS1005: ';' expected.
lib/translations.ts(1497,10): error TS1005: ';' expected.
lib/translations.ts(1497,34): error TS1005: ';' expected.
lib/translations.ts(1497,62): error TS1005: ';' expected.
lib/translations.ts(1497,96): error TS1005: ';' expected.
lib/translations.ts(1498,11): error TS1005: ';' expected.
lib/translations.ts(1498,30): error TS1005: ';' expected.
lib/translations.ts(1498,54): error TS1005: ';' expected.
lib/translations.ts(1498,70): error TS1005: ';' expected.
lib/translations.ts(1498,85): error TS1005: ';' expected.
lib/translations.ts(1499,12): error TS1005: ';' expected.
lib/translations.ts(1499,29): error TS1005: ';' expected.
lib/translations.ts(1499,44): error TS1005: ';' expected.
lib/translations.ts(1499,59): error TS1005: ';' expected.
lib/translations.ts(1499,82): error TS1005: ';' expected.
lib/translations.ts(1500,15): error TS1005: ';' expected.
lib/translations.ts(1500,35): error TS1005: ';' expected.
lib/translations.ts(1500,54): error TS1005: ';' expected.
lib/translations.ts(1500,76): error TS1005: ';' expected.
lib/translations.ts(1501,16): error TS1005: ';' expected.
lib/translations.ts(1501,50): error TS1005: ';' expected.
lib/translations.ts(1501,75): error TS1005: ';' expected.
lib/translations.ts(1501,91): error TS1005: ';' expected.
lib/translations.ts(1502,4): error TS1128: Declaration or statement expected.
lib/translations.ts(1504,31): error TS1005: ';' expected.
lib/translations.ts(1504,49): error TS1109: Expression expected.
lib/translations.ts(1504,64): error TS1005: ';' expected.
lib/translations.ts(1505,18): error TS1005: ';' expected.
lib/translations.ts(1505,46): error TS1005: ';' expected.
lib/translations.ts(1505,85): error TS1005: ';' expected.
lib/translations.ts(1506,14): error TS1005: ';' expected.
lib/translations.ts(1506,37): error TS1005: ';' expected.
lib/translations.ts(1506,57): error TS1005: ';' expected.
lib/translations.ts(1507,12): error TS1005: ';' expected.
lib/translations.ts(1507,33): error TS1005: ';' expected.
lib/translations.ts(1507,58): error TS1005: ';' expected.
lib/translations.ts(1508,13): error TS1005: ';' expected.
lib/translations.ts(1508,34): error TS1005: ';' expected.
lib/translations.ts(1508,67): error TS1005: ';' expected.
lib/translations.ts(1509,17): error TS1005: ';' expected.
lib/translations.ts(1509,46): error TS1005: ';' expected.
lib/translations.ts(1509,64): error TS1005: ';' expected.
lib/translations.ts(1509,84): error TS1005: ';' expected.
lib/translations.ts(1510,10): error TS1005: ';' expected.
lib/translations.ts(1510,33): error TS1005: ';' expected.
lib/translations.ts(1510,65): error TS1005: ';' expected.
lib/translations.ts(1510,103): error TS1005: ';' expected.
lib/translations.ts(1511,11): error TS1005: ';' expected.
lib/translations.ts(1511,31): error TS1005: ';' expected.
lib/translations.ts(1511,49): error TS1005: ';' expected.
lib/translations.ts(1511,65): error TS1005: ';' expected.
lib/translations.ts(1511,85): error TS1005: ';' expected.
lib/translations.ts(1512,12): error TS1005: ';' expected.
lib/translations.ts(1512,34): error TS1005: ';' expected.
lib/translations.ts(1512,49): error TS1005: ';' expected.
lib/translations.ts(1512,64): error TS1005: ';' expected.
lib/translations.ts(1512,85): error TS1005: ';' expected.
lib/translations.ts(1513,15): error TS1005: ';' expected.
lib/translations.ts(1513,37): error TS1005: ';' expected.
lib/translations.ts(1513,56): error TS1005: ';' expected.
lib/translations.ts(1513,79): error TS1005: ';' expected.
lib/translations.ts(1514,16): error TS1005: ';' expected.
lib/translations.ts(1514,45): error TS1005: ';' expected.
lib/translations.ts(1514,66): error TS1005: ';' expected.
lib/translations.ts(1514,82): error TS1005: ';' expected.
lib/translations.ts(1515,4): error TS1128: Declaration or statement expected.
lib/translations.ts(1517,27): error TS1005: ';' expected.
lib/translations.ts(1517,42): error TS1109: Expression expected.
lib/translations.ts(1517,59): error TS1005: ';' expected.
lib/translations.ts(1518,18): error TS1005: ';' expected.
lib/translations.ts(1518,48): error TS1005: ';' expected.
lib/translations.ts(1518,83): error TS1005: ';' expected.
lib/translations.ts(1519,14): error TS1005: ';' expected.
lib/translations.ts(1519,37): error TS1005: ';' expected.
lib/translations.ts(1519,55): error TS1005: ';' expected.
lib/translations.ts(1520,12): error TS1005: ';' expected.
lib/translations.ts(1520,35): error TS1005: ';' expected.
lib/translations.ts(1520,59): error TS1005: ';' expected.
lib/translations.ts(1521,13): error TS1005: ';' expected.
lib/translations.ts(1521,34): error TS1005: ';' expected.
lib/translations.ts(1521,68): error TS1005: ';' expected.
lib/translations.ts(1522,17): error TS1005: ';' expected.
lib/translations.ts(1522,41): error TS1005: ';' expected.
lib/translations.ts(1522,59): error TS1005: ';' expected.
lib/translations.ts(1522,80): error TS1005: ';' expected.
lib/translations.ts(1523,10): error TS1005: ';' expected.
lib/translations.ts(1523,31): error TS1005: ';' expected.
lib/translations.ts(1523,62): error TS1005: ';' expected.
lib/translations.ts(1523,98): error TS1005: ';' expected.
lib/translations.ts(1524,11): error TS1005: ';' expected.
lib/translations.ts(1524,30): error TS1005: ';' expected.
lib/translations.ts(1524,55): error TS1005: ';' expected.
lib/translations.ts(1524,72): error TS1005: ';' expected.
lib/translations.ts(1524,89): error TS1005: ';' expected.
lib/translations.ts(1525,12): error TS1005: ';' expected.
lib/translations.ts(1525,32): error TS1005: ';' expected.
lib/translations.ts(1525,47): error TS1005: ';' expected.
lib/translations.ts(1525,62): error TS1005: ';' expected.
lib/translations.ts(1525,83): error TS1005: ';' expected.
lib/translations.ts(1526,15): error TS1005: ';' expected.
lib/translations.ts(1526,35): error TS1005: ';' expected.
lib/translations.ts(1526,58): error TS1005: ';' expected.
lib/translations.ts(1526,81): error TS1005: ';' expected.
lib/translations.ts(1527,16): error TS1005: ';' expected.
lib/translations.ts(1527,44): error TS1005: ';' expected.
lib/translations.ts(1527,65): error TS1005: ';' expected.
lib/translations.ts(1527,81): error TS1005: ';' expected.
lib/translations.ts(1529,1): error TS1128: Declaration or statement expected.
